Archive member included because of file (symbol)

c:/devel/yard-ice/src/sdk/libthinkos/test/alloc/debug/libstm32f\libstm32f.a(stm32f-gpio.o)
                              c:/devel/yard-ice/src/sdk/libthinkos/test/alloc/debug/stdio.o (stm32_gpio_mode)
c:/devel/yard-ice/src/sdk/libthinkos/test/alloc/debug/libstm32f\libstm32f.a(stm32f-usart_init.o)
                              c:/devel/yard-ice/src/sdk/libthinkos/test/alloc/debug/stdio.o (stm32_usart_init)
c:/devel/yard-ice/src/sdk/libthinkos/test/alloc/debug/libstm32f\libstm32f.a(stm32f-usart_baudrate_set.o)
                              c:/devel/yard-ice/src/sdk/libthinkos/test/alloc/debug/stdio.o (stm32_usart_baudrate_set)
c:/devel/yard-ice/src/sdk/libthinkos/test/alloc/debug/libstm32f\libstm32f.a(stm32f-usart_mode_set.o)
                              c:/devel/yard-ice/src/sdk/libthinkos/test/alloc/debug/stdio.o (stm32_usart_mode_set)
c:/devel/yard-ice/src/sdk/libthinkos/test/alloc/debug/libstm32f\libstm32f.a(stm32f-usart_enable.o)
                              c:/devel/yard-ice/src/sdk/libthinkos/test/alloc/debug/stdio.o (stm32_usart_enable)
c:/devel/yard-ice/src/sdk/libthinkos/test/alloc/debug/libstm32f\libstm32f.a(stm32f-usart_fops.o)
                              c:/devel/yard-ice/src/sdk/libthinkos/test/alloc/debug/stdio.o (stm32_usart_fops)
c:/devel/yard-ice/src/sdk/libthinkos/test/alloc/debug/libstm32f\libstm32f.a(stm32f-otg_fs_dev.o)
                              (stm32f_otg_fs_isr)
c:/devel/yard-ice/src/sdk/libthinkos/test/alloc/debug/libstm32f\libstm32f.a(stm32f-crt0.o)
                              (_reset)
c:/devel/yard-ice/src/sdk/libthinkos/test/alloc/debug/libstm32f\libstm32f.a(stm32f-init.o)
                              c:/devel/yard-ice/src/sdk/libthinkos/test/alloc/debug/libstm32f\libstm32f.a(stm32f-crt0.o) (_init)
c:/devel/yard-ice/src/sdk/libthinkos/test/alloc/debug/libstm32f\libstm32f.a(stm32f-usart.o)
                              c:/devel/yard-ice/src/sdk/libthinkos/test/alloc/debug/libstm32f\libstm32f.a(stm32f-usart_init.o) (stm32_usart_lookup)
c:/devel/yard-ice/src/sdk/libthinkos/test/alloc/debug/libstm32f\libstm32f.a(stm32f-usart_power_off.o)
                              c:/devel/yard-ice/src/sdk/libthinkos/test/alloc/debug/libstm32f\libstm32f.a(stm32f-usart_fops.o) (stm32_usart_power_off)
c:/devel/yard-ice/src/sdk/libthinkos/test/alloc/debug/libstm32f\libstm32f.a(stm32f-usart_flush.o)
                              c:/devel/yard-ice/src/sdk/libthinkos/test/alloc/debug/libstm32f\libstm32f.a(stm32f-usart_fops.o) (stm32_usart_flush)
c:/devel/yard-ice/src/sdk/libthinkos/test/alloc/debug/libstm32f\libstm32f.a(stm32f-usart_read.o)
                              c:/devel/yard-ice/src/sdk/libthinkos/test/alloc/debug/libstm32f\libstm32f.a(stm32f-usart_fops.o) (stm32_usart_read)
c:/devel/yard-ice/src/sdk/libthinkos/test/alloc/debug/libstm32f\libstm32f.a(stm32f-usart_canon_write.o)
                              c:/devel/yard-ice/src/sdk/libthinkos/test/alloc/debug/libstm32f\libstm32f.a(stm32f-usart_fops.o) (stm32_usart_canon_write)
c:/devel/yard-ice/src/sdk/libthinkos/test/alloc/debug/libstm32f\libstm32f.a(stm32f-otg_fs.o)
                              c:/devel/yard-ice/src/sdk/libthinkos/test/alloc/debug/libstm32f\libstm32f.a(stm32f-otg_fs_dev.o) (stm32f_otg_fs_txfifo_flush)
c:/devel/yard-ice/src/sdk/libthinkos/test/alloc/debug/libstm32f\libstm32f.a(stm32f-usart_getc.o)
                              c:/devel/yard-ice/src/sdk/libthinkos/test/alloc/debug/libstm32f\libstm32f.a(stm32f-usart_read.o) (stm32_usart_getc)
c:/devel/yard-ice/src/sdk/libthinkos/test/alloc/debug/libstm32f\libstm32f.a(stm32f-usart_putc.o)
                              c:/devel/yard-ice/src/sdk/libthinkos/test/alloc/debug/libstm32f\libstm32f.a(stm32f-usart_canon_write.o) (stm32_usart_putc)
c:/devel/yard-ice/src/sdk/libthinkos/test/alloc/debug/libcm3\libcm3.a(cm3-udelay.o)
                              c:/devel/yard-ice/src/sdk/libthinkos/test/alloc/debug/alloc_test.o (cm3_udelay_calibrate)
c:/devel/yard-ice/src/sdk/libthinkos/test/alloc/debug/libutil\libutil.a(udelay.o)
                              c:/devel/yard-ice/src/sdk/libthinkos/test/alloc/debug/libstm32f\libstm32f.a(stm32f-otg_fs_dev.o) (udelay)
c:/devel/yard-ice/src/sdk/libthinkos/test/alloc/debug/libthinkos\libthinkos.a(thinkos_core.o)
                              c:/devel/yard-ice/src/sdk/libthinkos/test/alloc/debug/alloc_test.o (thinkos_init)
c:/devel/yard-ice/src/sdk/libthinkos/test/alloc/debug/libthinkos\libthinkos.a(thinkos_svc.o)
                              c:/devel/yard-ice/src/sdk/libthinkos/test/alloc/debug/libthinkos\libthinkos.a(thinkos_core.o) (thinkos_svc_nm)
c:/devel/yard-ice/src/sdk/libthinkos/test/alloc/debug/libthinkos\libthinkos.a(thinkos_irq.o)
                              c:/devel/yard-ice/src/sdk/libthinkos/test/alloc/debug/libthinkos\libthinkos.a(thinkos_svc.o) (thinkos_irq_wait_svc)
[...]
Memory Configuration

Name             Origin             Length             Attributes
vectors          0x00000000         0x00000400         r
flash            0x08000000         0x00080000         xr
sram0            0x20000000         0x0001c000         rw
sram1            0x2001c000         0x00004000         rw
sram2            0x10000000         0x00010000         rw
dcclog           0x40000000         0x00100000         r
*default*        0x00000000         0xffffffff

Linker script and memory map

LOAD c:/devel/yard-ice/src/sdk/libthinkos/test/alloc/debug/alloc_test.o
LOAD c:/devel/yard-ice/src/sdk/libthinkos/test/alloc/debug/stdio.o
START GROUP
LOAD c:/devel/yard-ice/src/sdk/libthinkos/test/alloc/debug/libstm32f\libstm32f.a
LOAD c:/devel/yard-ice/src/sdk/libthinkos/test/alloc/debug/libcm3\libcm3.a
LOAD c:/devel/yard-ice/src/sdk/libthinkos/test/alloc/debug/libutil\libutil.a
LOAD c:/devel/yard-ice/src/sdk/libthinkos/test/alloc/debug/libthinkos\libthinkos.a
LOAD c:/devel/yard-ice/src/sdk/libthinkos/test/alloc/debug/libc\libc.a
LOAD c:/devel/yard-ice/src/sdk/libthinkos/test/alloc/debug/libice-comm\libice-comm.a
END GROUP
                0x10010000                _stack = (ORIGIN (sram2) + 0x10000)
                0x00000000                . = 0x0

.dcclog         0x40000000      0x7a0
                0x40000000                . = ALIGN (0x4)
 *(.dcclog)
 .dcclog        0x40000000       0x20 c:/devel/yard-ice/src/sdk/libthinkos/test/alloc/debug/libstm32f\libstm32f.a(stm32f-usart_baudrate_set.o)
 .dcclog        0x40000020       0x90 c:/devel/yard-ice/src/sdk/libthinkos/test/alloc/debug/libstm32f\libstm32f.a(stm32f-otg_fs_dev.o)
 .dcclog        0x400000b0       0x40 c:/devel/yard-ice/src/sdk/libthinkos/test/alloc/debug/libstm32f\libstm32f.a(stm32f-otg_fs.o)
 .dcclog        0x400000f0       0x50 c:/devel/yard-ice/src/sdk/libthinkos/test/alloc/debug/libthinkos\libthinkos.a(thinkos_core.o)
 .dcclog        0x40000140       0x10 c:/devel/yard-ice/src/sdk/libthinkos/test/alloc/debug/libthinkos\libthinkos.a(thinkos_svc.o)
 .dcclog        0x40000150       0x10 c:/devel/yard-ice/src/sdk/libthinkos/test/alloc/debug/libthinkos\libthinkos.a(thinkos_irq.o)
 .dcclog        0x40000160      0x120 c:/devel/yard-ice/src/sdk/libthinkos/test/alloc/debug/libthinkos\libthinkos.a(thinkos_flag.o)
 .dcclog        0x40000280      0x190 c:/devel/yard-ice/src/sdk/libthinkos/test/alloc/debug/libthinkos\libthinkos.a(thinkos_except.o)
 .dcclog        0x40000410       0x30 c:/devel/yard-ice/src/sdk/libthinkos/test/alloc/debug/libthinkos\libthinkos.a(thinkos.o)
 .dcclog        0x40000440       0xb0 c:/devel/yard-ice/src/sdk/libthinkos/test/alloc/debug/libthinkos\libthinkos.a(thinkos_mutex.o)
 .dcclog        0x400004f0       0xf0 c:/devel/yard-ice/src/sdk/libthinkos/test/alloc/debug/libthinkos\libthinkos.a(thinkos_cond.o)
 .dcclog        0x400005e0       0xd0 c:/devel/yard-ice/src/sdk/libthinkos/test/alloc/debug/libthinkos\libthinkos.a(thinkos_semaphore.o)
 .dcclog        0x400006b0       0xe0 c:/devel/yard-ice/src/sdk/libthinkos/test/alloc/debug/libthinkos\libthinkos.a(thinkos_event.o)
 .dcclog        0x40000790       0x10 c:/devel/yard-ice/src/sdk/libthinkos/test/alloc/debug/libice-comm\libice-comm.a(ice-trace_init.o)

.dccdata        0x400007a0     0x27bc
                0x400007a0                . = ALIGN (0x4)
 *(.rodata.__FUNCTION__*)
 *(.dccdata)
 .dccdata       0x400007a0       0xc0 c:/devel/yard-ice/src/sdk/libthinkos/test/alloc/debug/libstm32f\libstm32f.a(stm32f-usart_baudrate_set.o)
 .dccdata       0x40000860      0x370 c:/devel/yard-ice/src/sdk/libthinkos/test/alloc/debug/libstm32f\libstm32f.a(stm32f-otg_fs_dev.o)
 .dccdata       0x40000bd0      0x15c c:/devel/yard-ice/src/sdk/libthinkos/test/alloc/debug/libstm32f\libstm32f.a(stm32f-otg_fs.o)
 .dccdata       0x40000d2c      0x184 c:/devel/yard-ice/src/sdk/libthinkos/test/alloc/debug/libthinkos\libthinkos.a(thinkos_core.o)
 .dccdata       0x40000eb0       0x4c c:/devel/yard-ice/src/sdk/libthinkos/test/alloc/debug/libthinkos\libthinkos.a(thinkos_svc.o)
 .dccdata       0x40000efc       0x44 c:/devel/yard-ice/src/sdk/libthinkos/test/alloc/debug/libthinkos\libthinkos.a(thinkos_irq.o)
 .dccdata       0x40000f40      0x54c c:/devel/yard-ice/src/sdk/libthinkos/test/alloc/debug/libthinkos\libthinkos.a(thinkos_flag.o)
 .dccdata       0x4000148c      0x864 c:/devel/yard-ice/src/sdk/libthinkos/test/alloc/debug/libthinkos\libthinkos.a(thinkos_except.o)
 .dccdata       0x40001cf0       0xcc c:/devel/yard-ice/src/sdk/libthinkos/test/alloc/debug/libthinkos\libthinkos.a(thinkos.o)
 .dccdata       0x40001dbc      0x36c c:/devel/yard-ice/src/sdk/libthinkos/test/alloc/debug/libthinkos\libthinkos.a(thinkos_mutex.o)
 .dccdata       0x40002128      0x4e0 c:/devel/yard-ice/src/sdk/libthinkos/test/alloc/debug/libthinkos\libthinkos.a(thinkos_cond.o)
 .dccdata       0x40002608      0x464 c:/devel/yard-ice/src/sdk/libthinkos/test/alloc/debug/libthinkos\libthinkos.a(thinkos_semaphore.o)
 .dccdata       0x40002a6c      0x4a0 c:/devel/yard-ice/src/sdk/libthinkos/test/alloc/debug/libthinkos\libthinkos.a(thinkos_event.o)
 .dccdata       0x40002f0c       0x50 c:/devel/yard-ice/src/sdk/libthinkos/test/alloc/debug/libice-comm\libice-comm.a(ice-trace_init.o)

.init           0x08000000      0x184
 *(.rom_vectors)
 .rom_vectors   0x08000000      0x184 c:/devel/yard-ice/src/sdk/libthinkos/test/alloc/debug/libstm32f\libstm32f.a(stm32f-crt0.o)
                0x08000000                __rom_vectors
 *(.boot)
 *(.init)

.text           0x08000190     0x5388
 *(.text .text.* .gnu.linkonce.t.*)
 .text          0x08000190        0x0 c:/devel/yard-ice/src/sdk/libthinkos/test/alloc/debug/alloc_test.o
 .text.startup  0x08000190      0x448 c:/devel/yard-ice/src/sdk/libthinkos/test/alloc/debug/alloc_test.o
                0x08000190                main
 .text          0x080005d8       0xa8 c:/devel/yard-ice/src/sdk/libthinkos/test/alloc/debug/stdio.o
                0x080005d8                stdio_init
 .text          0x08000680       0xe4 c:/devel/yard-ice/src/sdk/libthinkos/test/alloc/debug/libstm32f\libstm32f.a(stm32f-gpio.o)
                0x08000680                stm32_gpio_id
                0x0800068c                stm32_gpio_clock_en
                0x080006ac                stm32_gpio_mode
                0x08000728                stm32_gpio_af
 .text          0x08000764       0x84 c:/devel/yard-ice/src/sdk/libthinkos/test/alloc/debug/libstm32f\libstm32f.a(stm32f-usart_init.o)
                0x08000764                stm32_usart_init
 .text          0x080007e8       0x68 c:/devel/yard-ice/src/sdk/libthinkos/test/alloc/debug/libstm32f\libstm32f.a(stm32f-usart_baudrate_set.o)
                0x080007e8                stm32_usart_baudrate_set
 .text          0x08000850       0x80 c:/devel/yard-ice/src/sdk/libthinkos/test/alloc/debug/libstm32f\libstm32f.a(stm32f-usart_mode_set.o)
                0x08000850                stm32_usart_mode_set
 .text          0x080008d0       0x10 c:/devel/yard-ice/src/sdk/libthinkos/test/alloc/debug/libstm32f\libstm32f.a(stm32f-usart_enable.o)
                0x080008d0                stm32_usart_enable
 .text          0x080008e0        0x0 c:/devel/yard-ice/src/sdk/libthinkos/test/alloc/debug/libstm32f\libstm32f.a(stm32f-usart_fops.o)
 .text          0x080008e0      0xb00 c:/devel/yard-ice/src/sdk/libthinkos/test/alloc/debug/libstm32f\libstm32f.a(stm32f-otg_fs_dev.o)
                0x080008e0                stm32f_otg_dev_ep_nak
                0x080008fc                stm32f_otg_dev_ep_stall
                0x08000900                stm32f_otg_dev_ep_zlp_send
                0x08000924                stm32f_otg_dev_ep_disable
                0x08000934                stm32f_otg_dev_ep_tx_start
                0x08000980                stm32f_otg_dev_ep_pkt_recv
                0x08000a9c                __ep_pktbuf_alloc
                0x08000b34                stm32f_otg_dev_ep_init
                0x08000cf8                otg_fs_vbus_connect
                0x08000d14                otg_fs_connect
                0x08000d2c                otg_fs_disconnect
                0x08000d44                otg_fs_power_on
                0x08000d78                otg_fs_power_off
                0x08000db0                stm32f_otg_fs_dev_init
                0x08000e38                stm32f_otg_fs_isr
 .text          0x080013e0       0x14 c:/devel/yard-ice/src/sdk/libthinkos/test/alloc/debug/libstm32f\libstm32f.a(stm32f-crt0.o)
                0x080013e0                _halt
                0x080013e0                halt
                0x080013e0                cm3_nmi_isr
                0x080013e0                cm3_debug_mon_isr
                0x080013e0                cm3_mem_manage_isr
                0x080013e4                stm32f_tim8_trg_com_tim14_isr
                0x080013e4                stm32f_dma2_stream2_isr
                0x080013e4                stm32f_exti9_5_isr
                0x080013e4                stm32f_tim1_brk_tim15_isr
                0x080013e4                stm32f_tim1_trg_com_tim11_isr
                0x080013e4                stm32f_exti15_10_isr
                0x080013e4                stm32f_usart1_exti25_isr
                0x080013e4                stm32f_usb_wkup_isr
                0x080013e4                stm32f_dma1_stream0_isr
                0x080013e4                stm32f_i2c2_ev_exti24_isr
                0x080013e4                stm32f_usart6_isr
                0x080013e4                stm32f_cec_isr
                0x080013e4                stm32f_dma1_stream1_isr
                0x080013e4                stm32f_i2c2_er_isr
                0x080013e4                stm32f_flash_isr
                0x080013e4                stm32f_i2c3_ev_isr
                0x080013e4                stm32f_tim1_trg_com_isr
                0x080013e4                stm32f_exti4_isr
                0x080013e4                stm32f_uart4_isr
                0x080013e4                stm32f_tim5_isr
                0x080013e4                stm32f_tim2_isr
                0x080013e4                stm32f_rtc_wkup_isr
                0x080013e4                stm32f_exti0_isr
                0x080013e4                stm32f_tamp_stamp_isr
                0x080013e4                stm32f_usart2_exti26_isr
                0x080013e4                stm32f_tim1_up_isr
                0x080013e4                stm32f_tim3_isr
                0x080013e4                stm32f_usart2_isr
                0x080013e4                stm32f_dma1_stream4_isr
                0x080013e4                stm32f_tim6_dac_isr
                0x080013e4                stm32f_wwdg_isr
                0x080013e4                stm32f_usart3_isr
                0x080013e4                stm32f_tim8_brk_tim12_isr
                0x080013e4                stm32f_dcmi_isr
                0x080013e4                stm32f_dma1_stream6_isr
                0x080013e4                stm32f_spi2_isr
                0x080013e4                stm32f_usart3_exti28_isr
                0x080013e4                stm32f_dma2_stream6_isr
                0x080013e4                stm32f_can1_rx1_isr
                0x080013e4                stm32f_tim8_up_tim13_isr
                0x080013e4                stm32f_i2c3_er_isr
                0x080013e4                stm32f_i2c1_ev_isr
                0x080013e4                stm32f_dma2_stream3_isr
                0x080013e4                stm32f_can2_tx_isr
                0x080013e4                stm32f_can2_rx0_isr
                0x080013e4                stm32f_tim1_brk_tim9_isr
                0x080013e4                stm32f_dma1_stream7_isr
                0x080013e4                stm32f_spi1_isr
                0x080013e4                stm32f_rtc_alarm_isr
                0x080013e4                stm32f_can1_sce_isr
                0x080013e4                stm32f_exti1_isr
                0x080013e4                stm32f_otg_hs_isr
                0x080013e4                stm32f_dma2_stream1_isr
                0x080013e4                stm32f_tim1_up_tim10_isr
                0x080013e4                stm32f_tim1_trg_com_tim17_isr
                0x080013e4                stm32f_tim14_isr
                0x080013e4                _isr
                0x080013e4                stm32f_tim1_cc_isr
                0x080013e4                stm32f_tim12_isr
                0x080013e4                stm32f_can1_rx0_isr
                0x080013e4                stm32f_tim4_isr
                0x080013e4                stm32f_can1_tx_isr
                0x080013e4                stm32f_hash_rng_isr
                0x080013e4                stm32f_tim1_up_tim16_isr
                0x080013e4                stm32f_exti2_isr
                0x080013e4                stm32f_can2_sce_isr
                0x080013e4                stm32f_dma1_stream5_isr
                0x080013e4                stm32f_usart1_isr
                0x080013e4                stm32f_spi3_isr
                0x080013e4                stm32f_tim13_isr
                0x080013e4                stm32f_cryp_isr
                0x080013e4                stm32f_exti3_isr
                0x080013e4                stm32f_dma2_stream7_isr
                0x080013e4                stm32f_tim1_brk_isr
                0x080013e4                stm32f_rcc_isr
                0x080013e4                stm32f_tim7_isr
                0x080013e4                stm32f_dma2_stream0_isr
                0x080013e4                stm32f_otg_hs_ep1_out_isr
                0x080013e4                stm32f_dma2_stream4_isr
                0x080013e4                stm32f_adc_isr
                0x080013e4                stm32f_eth_wkup_isr
                0x080013e4                stm32f_i2c2_ev_isr
                0x080013e4                stm32f_dma1_stream3_isr
                0x080013e4                stm32f_i2c1_ev_exti23_isr
                0x080013e4                stm32f_tim8_cc_isr
                0x080013e4                stm32f_exti2_tsc_isr
                0x080013e4                stm32f_i2c1_er_isr
                0x080013e4                stm32f_uart5_isr
                0x080013e4                stm32f_dma2_stream5_isr
                0x080013e4                stm32f_otg_fs_wkup_isr
                0x080013e4                stm32f_eth_isr
                0x080013e4                stm32f_sdio_isr
                0x080013e4                stm32f_dma1_stream2_isr
                0x080013e4                stm32f_otg_hs_wkup_isr
                0x080013e4                stm32f_fsmc_isr
                0x080013e4                stm32f_pvd_isr
                0x080013e4                stm32f_can2_rx1_isr
                0x080013e4                stm32f_otg_hs_ep1_in_isr
                0x080013f0                _void
 .text.init     0x080013f4       0x6c c:/devel/yard-ice/src/sdk/libthinkos/test/alloc/debug/libstm32f\libstm32f.a(stm32f-crt0.o)
                0x080013f4                _reset
 .text          0x08001460       0xc0 c:/devel/yard-ice/src/sdk/libthinkos/test/alloc/debug/libstm32f\libstm32f.a(stm32f-init.o)
                0x08001460                _init
 .text          0x08001520       0x1c c:/devel/yard-ice/src/sdk/libthinkos/test/alloc/debug/libstm32f\libstm32f.a(stm32f-usart.o)
                0x08001520                stm32_usart_lookup
 .text          0x0800153c       0x90 c:/devel/yard-ice/src/sdk/libthinkos/test/alloc/debug/libstm32f\libstm32f.a(stm32f-usart_power_off.o)
                0x0800153c                stm32_usart_power_off
 .text          0x080015cc        0xc c:/devel/yard-ice/src/sdk/libthinkos/test/alloc/debug/libstm32f\libstm32f.a(stm32f-usart_flush.o)
                0x080015cc                stm32_usart_flush
 .text          0x080015d8       0x14 c:/devel/yard-ice/src/sdk/libthinkos/test/alloc/debug/libstm32f\libstm32f.a(stm32f-usart_read.o)
                0x080015d8                stm32_usart_read
 .text          0x080015ec       0x3c c:/devel/yard-ice/src/sdk/libthinkos/test/alloc/debug/libstm32f\libstm32f.a(stm32f-usart_canon_write.o)
                0x080015ec                stm32_usart_canon_write
 .text          0x08001628      0x328 c:/devel/yard-ice/src/sdk/libthinkos/test/alloc/debug/libstm32f\libstm32f.a(stm32f-otg_fs.o)
                0x08001628                stm32f_otg_fs_core_reset
                0x08001658                stm32f_otg_fs_txfifo_flush
                0x08001670                stm32f_otg_fs_rxfifo_flush
                0x08001680                stm32f_otg_fs_addr_set
                0x08001698                stm32f_otg_fs_ep_disable
                0x080016d4                stm32f_otg_fs_ep_out_start
                0x08001714                stm32f_otg_fs_txf_setup
                0x080017a8                stm32f_otg_fs_txf_push
                0x0800183c                stm32f_otg_fs_device_init
                0x080018f8                stm32f_otg_fs_ep_dump
                0x08001938                otg_fs_fifo
 .text          0x08001950       0x2c c:/devel/yard-ice/src/sdk/libthinkos/test/alloc/debug/libstm32f\libstm32f.a(stm32f-usart_getc.o)
                0x08001950                stm32_usart_getc
 .text          0x0800197c        0xc c:/devel/yard-ice/src/sdk/libthinkos/test/alloc/debug/libstm32f\libstm32f.a(stm32f-usart_putc.o)
                0x0800197c                stm32_usart_putc
 .text          0x08001988       0x48 c:/devel/yard-ice/src/sdk/libthinkos/test/alloc/debug/libcm3\libcm3.a(cm3-udelay.o)
                0x08001998                cm3_udelay_calibrate
 .text          0x080019d0       0xc0 c:/devel/yard-ice/src/sdk/libthinkos/test/alloc/debug/libutil\libutil.a(udelay.o)
                0x080019d0                udelay
                0x080019f0                udelay_calibrate
 .text          0x08001a90      0x3b0 c:/devel/yard-ice/src/sdk/libthinkos/test/alloc/debug/libthinkos\libthinkos.a(thinkos_core.o)
                0x08001a90                thinkos_idle_task
                0x08001aa0                cm3_pendsv_isr
                0x08001ae0                cm3_systick_isr
                0x08001b80                thinkos_thread_exit
                0x08001be8                thinkos_init
                0x08001dd0                thinkos_bmp_alloc
 .text          0x08001e40      0x260 c:/devel/yard-ice/src/sdk/libthinkos/test/alloc/debug/libthinkos\libthinkos.a(thinkos_svc.o)
                0x08001e40                cm3_svc_isr
 .text          0x080020a0       0xb4 c:/devel/yard-ice/src/sdk/libthinkos/test/alloc/debug/libthinkos\libthinkos.a(thinkos_irq.o)
                0x080020a0                cm3_default_isr
                0x080020e8                thinkos_irq_wait_svc
 .text          0x08002154      0x66c c:/devel/yard-ice/src/sdk/libthinkos/test/alloc/debug/libthinkos\libthinkos.a(thinkos_flag.o)
                0x08002154                thinkos_flag_alloc_svc
                0x0800219c                thinkos_flag_free_svc
                0x080021cc                thinkos_flag_wait_svc
                0x08002280                thinkos_flag_timedwait_svc
                0x08002364                thinkos_flag_release_svc
                0x08002450                thinkos_flag_take_svc
                0x080024f4                thinkos_flag_timedtake_svc
                0x080025bc                thinkos_flag_give_svc
                0x08002670                thinkos_flag_clr_svc
                0x080026c4                thinkos_flag_set_svc
 .text          0x080027c0      0x3d4 c:/devel/yard-ice/src/sdk/libthinkos/test/alloc/debug/libthinkos\libthinkos.a(thinkos_except.o)
                0x080027c0                hard_fault
                0x080029b0                bus_fault
                0x08002a40                usage_fault
                0x08002ad0                thinkos_exception_dsr
                0x08002ad0                thinkos_default_exception_dsr
                0x08002ad4                cm3_hard_fault_isr
                0x08002b14                cm3_usage_fault_isr
                0x08002b54                cm3_bus_fault_isr
 .text          0x08002b94       0x58 c:/devel/yard-ice/src/sdk/libthinkos/test/alloc/debug/libthinkos\libthinkos.a(thinkos_util.o)
                0x08002b94                thinkos_rt_snapshot_svc
                0x08002bc8                thinkos_obj_type_get
                0x08002bdc                thinkos_alloc_bmp_get
 .text          0x08002bec        0x0 c:/devel/yard-ice/src/sdk/libthinkos/test/alloc/debug/libthinkos\libthinkos.a(thinkos_type.o)
 .text          0x08002bec       0xa4 c:/devel/yard-ice/src/sdk/libthinkos/test/alloc/debug/libthinkos\libthinkos.a(thinkos_sleep.o)
                0x08002bec                thinkos_sleep_svc
                0x08002c40                thinkos_alarm_svc
 .text          0x08002c90      0x18c c:/devel/yard-ice/src/sdk/libthinkos/test/alloc/debug/libthinkos\libthinkos.a(thinkos.o)
                0x08002c90                thinkos_exit_svc
                0x08002ce4                thinkos_thread_create_svc
 .text          0x08002e1c      0x328 c:/devel/yard-ice/src/sdk/libthinkos/test/alloc/debug/libthinkos\libthinkos.a(thinkos_mutex.o)
                0x08002e1c                thinkos_mutex_alloc_svc
                0x08002e48                thinkos_mutex_free_svc
                0x08002e78                thinkos_mutex_lock_svc
                0x08002f2c                thinkos_mutex_trylock_svc
                0x08002f98                thinkos_mutex_timedlock_svc
                0x08003070                thinkos_mutex_unlock_svc
 .text          0x08003144      0x49c c:/devel/yard-ice/src/sdk/libthinkos/test/alloc/debug/libthinkos\libthinkos.a(thinkos_cond.o)
                0x08003144                thinkos_cond_alloc_svc
                0x08003164                thinkos_cond_free_svc
                0x08003194                thinkos_cond_wait_svc
                0x080032dc                thinkos_cond_timedwait_svc
                0x08003444                thinkos_cond_signal_svc
                0x080034ec                thinkos_cond_broadcast_svc
 .text          0x080035e0      0x360 c:/devel/yard-ice/src/sdk/libthinkos/test/alloc/debug/libthinkos\libthinkos.a(thinkos_semaphore.o)
                0x080035e0                thinkos_sem_alloc_svc
                0x0800361c                thinkos_sem_free_svc
                0x0800364c                thinkos_sem_init_svc
                0x080036b4                thinkos_sem_wait_svc
                0x08003754                thinkos_sem_trywait_svc
                0x080037bc                thinkos_sem_timedwait_svc
                0x08003888                thinkos_sem_post_svc
 .text          0x08003940      0x508 c:/devel/yard-ice/src/sdk/libthinkos/test/alloc/debug/libthinkos\libthinkos.a(thinkos_event.o)
                0x08003940                thinkos_ev_alloc_svc
                0x08003978                thinkos_ev_free_svc
                0x080039a8                thinkos_ev_wait_svc
                0x08003a68                thinkos_ev_timedwait_svc
                0x08003b4c                thinkos_ev_raise_svc
                0x08003c30                thinkos_ev_mask_svc
                0x08003c88                thinkos_ev_unmask_svc
 .text          0x08003e48       0x28 c:/devel/yard-ice/src/sdk/libthinkos/test/alloc/debug/libc\libc.a(printf.o)
                0x08003e48                printf
 .text          0x08003e70       0x10 c:/devel/yard-ice/src/sdk/libthinkos/test/alloc/debug/libc\libc.a(putchar.o)
                0x08003e70                putchar
 .text          0x08003e80       0x38 c:/devel/yard-ice/src/sdk/libthinkos/test/alloc/debug/libc\libc.a(puts.o)
                0x08003e80                puts
 .text          0x08003eb8       0x14 c:/devel/yard-ice/src/sdk/libthinkos/test/alloc/debug/libc\libc.a(strlen.o)
                0x08003eb8                strlen
 .text          0x08003ecc      0x328 c:/devel/yard-ice/src/sdk/libthinkos/test/alloc/debug/libc\libc.a(vfprintf.o)
                0x08003ecc                vfprintf
 .text          0x080041f4        0x0 c:/devel/yard-ice/src/sdk/libthinkos/test/alloc/debug/libc\libc.a(stdin.o)
 .text          0x080041f4        0x0 c:/devel/yard-ice/src/sdk/libthinkos/test/alloc/debug/libc\libc.a(stdout.o)
 .text          0x080041f4        0x0 c:/devel/yard-ice/src/sdk/libthinkos/test/alloc/debug/libc\libc.a(stderr.o)
 .text          0x080041f4        0x4 c:/devel/yard-ice/src/sdk/libthinkos/test/alloc/debug/libc\libc.a(abort.o)
                0x080041f4                abort
 .text          0x080041f8       0x20 c:/devel/yard-ice/src/sdk/libthinkos/test/alloc/debug/libc\libc.a(fputc.o)
                0x080041f8                fputc
 .text          0x08004218       0x54 c:/devel/yard-ice/src/sdk/libthinkos/test/alloc/debug/libc\libc.a(uint2dec.o)
                0x08004218                uint2dec
 .text          0x0800426c       0x70 c:/devel/yard-ice/src/sdk/libthinkos/test/alloc/debug/libc\libc.a(ull2dec.o)
                0x0800426c                ull2dec
 .text          0x080042dc       0x38 c:/devel/yard-ice/src/sdk/libthinkos/test/alloc/debug/libc\libc.a(uint2hex.o)
                0x080042dc                uint2hex
 .text          0x08004314       0x4c c:/devel/yard-ice/src/sdk/libthinkos/test/alloc/debug/libc\libc.a(ull2hex.o)
                0x08004314                ull2hex
 .text          0x08004360       0x50 c:/devel/yard-ice/src/sdk/libthinkos/test/alloc/debug/libice-comm\libice-comm.a(ice-comm.o)
                0x08004360                ice_comm_sync
                0x08004380                ice_comm_connect
 .text          0x080043b0       0x18 c:/devel/yard-ice/src/sdk/libthinkos/test/alloc/debug/libice-comm\libice-comm.a(ice-trace_init.o)
                0x080043b0                ice_trace_init
                0x080043b0                dcclog_init
 .text          0x080043c8       0x4c c:/devel/yard-ice/src/sdk/libthinkos/test/alloc/debug/libice-comm\libice-comm.a(ice-trace0.o)
                0x080043c8                ice_trace0
                0x080043c8                dcclog0
 .text          0x08004414       0x5c c:/devel/yard-ice/src/sdk/libthinkos/test/alloc/debug/libice-comm\libice-comm.a(ice-trace1.o)
                0x08004414                dcclog1
                0x08004414                ice_trace1
 .text          0x08004470       0x68 c:/devel/yard-ice/src/sdk/libthinkos/test/alloc/debug/libice-comm\libice-comm.a(ice-trace2.o)
                0x08004470                ice_trace2
                0x08004470                dcclog2
 .text          0x080044d8       0x7c c:/devel/yard-ice/src/sdk/libthinkos/test/alloc/debug/libice-comm\libice-comm.a(ice-trace3.o)
                0x080044d8                ice_trace3
                0x080044d8                dcclog3
 .text          0x08004554       0x90 c:/devel/yard-ice/src/sdk/libthinkos/test/alloc/debug/libice-comm\libice-comm.a(ice-trace4.o)
                0x08004554                dcclog4
                0x08004554                ice_trace4
 .text          0x080045e4       0xe4 c:/devel/yard-ice/src/sdk/libthinkos/test/alloc/debug/libice-comm\libice-comm.a(ice-trace6.o)
                0x080045e4                dcclog6
                0x080045e4                ice_trace6
 .text          0x080046c8      0x108 c:/devel/yard-ice/src/sdk/libthinkos/test/alloc/debug/libice-comm\libice-comm.a(ice-trace7.o)
                0x080046c8                ice_trace7
                0x080046c8                dcclog7
 .text          0x080047d0       0x40 c:/devel/yard-ice/src/sdk/libthinkos/test/alloc/debug/libice-comm\libice-comm.a(ice-comm_wr32.o)
                0x080047d0                ice_comm_w32
 *(.glue_7)
 .glue_7        0x00000000        0x0 linker stubs
 *(.glue_7t)
 .glue_7t       0x00000000        0x0 linker stubs
 *(.vfp11_veneer)
 .vfp11_veneer  0x00000000        0x0 linker stubs
 *(.v4_bx)
 .v4_bx         0x00000000        0x0 linker stubs
 *(.rodata .rodata.* .gnu.linkonce.r.*)
 .rodata.str1.4
                0x08004810      0x39b c:/devel/yard-ice/src/sdk/libthinkos/test/alloc/debug/alloc_test.o
                                0x39c (size before relaxing)
 *fill*         0x08004bab        0x1 ffffffff
 .rodata        0x08004bac       0x18 c:/devel/yard-ice/src/sdk/libthinkos/test/alloc/debug/libstm32f\libstm32f.a(stm32f-gpio.o)
                0x08004bac                stm32_gpio_lut
 .rodata        0x08004bc4       0x1c c:/devel/yard-ice/src/sdk/libthinkos/test/alloc/debug/libstm32f\libstm32f.a(stm32f-usart_baudrate_set.o)
 .rodata        0x08004be0       0x10 c:/devel/yard-ice/src/sdk/libthinkos/test/alloc/debug/libstm32f\libstm32f.a(stm32f-usart_fops.o)
                0x08004be0                stm32_usart_fops
 .rodata        0x08004bf0       0xdc c:/devel/yard-ice/src/sdk/libthinkos/test/alloc/debug/libstm32f\libstm32f.a(stm32f-otg_fs_dev.o)
                0x08004bf0                stm32f_otg_fs_dev
                0x08004bf8                stm32f_otg_fs_ops
 .rodata        0x08004ccc       0x18 c:/devel/yard-ice/src/sdk/libthinkos/test/alloc/debug/libstm32f\libstm32f.a(stm32f-init.o)
                0x08004ccc                stm32f_tim2_hz
                0x08004cd0                stm32f_apb2_hz
                0x08004cd4                stm32f_tim1_hz
                0x08004cd8                stm32f_apb1_hz
                0x08004cdc                stm32f_ahb_hz
                0x08004ce0                cm3_systick_load_1ms
 .rodata        0x08004ce4       0x24 c:/devel/yard-ice/src/sdk/libthinkos/test/alloc/debug/libstm32f\libstm32f.a(stm32f-usart.o)
                0x08004ce4                stm32_usart_lut
                0x08004cf8                stm32_usart_clk_lut
                0x08004d00                stm32_usart_irq_lut
 .rodata        0x08004d08       0x4c c:/devel/yard-ice/src/sdk/libthinkos/test/alloc/debug/libstm32f\libstm32f.a(stm32f-otg_fs.o)
                0x08004d08                stm32f_otg_fs_ep0_mpsiz_lut
 .rodata        0x08004d54       0x2c c:/devel/yard-ice/src/sdk/libthinkos/test/alloc/debug/libthinkos\libthinkos.a(thinkos_core.o)
                0x08004d54                thinkos_execpt_link
                0x08004d58                thinkos_svc_link
 .rodata        0x08004d80       0x10 c:/devel/yard-ice/src/sdk/libthinkos/test/alloc/debug/libthinkos\libthinkos.a(thinkos_svc.o)
                0x08004d80                thinkos_svc_nm
 .rodata        0x08004d90       0x18 c:/devel/yard-ice/src/sdk/libthinkos/test/alloc/debug/libthinkos\libthinkos.a(thinkos_irq.o)
 .rodata        0x08004da8       0xfc c:/devel/yard-ice/src/sdk/libthinkos/test/alloc/debug/libthinkos\libthinkos.a(thinkos_flag.o)
 .rodata        0x08004ea4       0x28 c:/devel/yard-ice/src/sdk/libthinkos/test/alloc/debug/libthinkos\libthinkos.a(thinkos_except.o)
                0x08004ea4                thinkos_except_nm
 .rodata.str1.4
                0x08004ecc       0xa4 c:/devel/yard-ice/src/sdk/libthinkos/test/alloc/debug/libthinkos\libthinkos.a(thinkos_except.o)
                                 0xa8 (size before relaxing)
 .rodata        0x08004f70      0x1dc c:/devel/yard-ice/src/sdk/libthinkos/test/alloc/debug/libthinkos\libthinkos.a(thinkos_type.o)
                0x08004f70                thinkos_wq_base_lut
                0x08004f88                thinkos_obj_alloc_lut
                0x08004fb8                thinkos_obj_type_lut
 .rodata        0x0800514c       0x40 c:/devel/yard-ice/src/sdk/libthinkos/test/alloc/debug/libthinkos\libthinkos.a(thinkos.o)
                0x0800514c                thinkos_main_inf
 .rodata        0x0800518c       0x84 c:/devel/yard-ice/src/sdk/libthinkos/test/alloc/debug/libthinkos\libthinkos.a(thinkos_mutex.o)
 .rodata        0x08005210       0x80 c:/devel/yard-ice/src/sdk/libthinkos/test/alloc/debug/libthinkos\libthinkos.a(thinkos_cond.o)
 .rodata        0x08005290       0xac c:/devel/yard-ice/src/sdk/libthinkos/test/alloc/debug/libthinkos\libthinkos.a(thinkos_semaphore.o)
 .rodata        0x0800533c       0x88 c:/devel/yard-ice/src/sdk/libthinkos/test/alloc/debug/libthinkos\libthinkos.a(thinkos_event.o)
 .rodata.str1.4
                0x00000000       0xa4 c:/devel/yard-ice/src/sdk/libthinkos/test/alloc/debug/libc\libc.a(puts.o)
                                  0x4 (size before relaxing)
 .rodata        0x080053c4       0x60 c:/devel/yard-ice/src/sdk/libthinkos/test/alloc/debug/libc\libc.a(vfprintf.o)
                0x080053c4                __zeros
                0x080053e4                __blanks
 .rodata        0x08005424       0x2c c:/devel/yard-ice/src/sdk/libthinkos/test/alloc/debug/libc\libc.a(uint2dec.o)
 .rodata        0x08005450       0xa8 c:/devel/yard-ice/src/sdk/libthinkos/test/alloc/debug/libc\libc.a(ull2dec.o)
 .rodata        0x080054f8       0x10 c:/devel/yard-ice/src/sdk/libthinkos/test/alloc/debug/libc\libc.a(uint2hex.o)
                0x080054f8                __hextab
 .rodata        0x08005508       0x10 c:/devel/yard-ice/src/sdk/libthinkos/test/alloc/debug/libice-comm\libice-comm.a(ice-trace_init.o)
 *(.rodata1)
                0x08005518                . = ALIGN (0x4)
                0x08005518                PROVIDE (__ctors_start, .)
 *(SORT(.init_array.*))
 *(.init_array)
 *(SORT(.ctors.*))
 *(.ctors)
                0x08005518                PROVIDE (__ctors_end, .)
                0x08005518                . = ALIGN (0x8)

.iplt           0x08005518        0x0
 .iplt          0x00000000        0x0 c:/devel/yard-ice/src/sdk/libthinkos/test/alloc/debug/alloc_test.o

.rel.dyn        0x08005518        0x0
 .rel.iplt      0x00000000        0x0 c:/devel/yard-ice/src/sdk/libthinkos/test/alloc/debug/alloc_test.o

.ARM.extab
 *(.ARM.extab* .gnu.linkonce.armextab.*)
                0x08005518                PROVIDE (__exidx_start, .)

.ARM.exidx
 *(.ARM.exidx* .gnu.linkonce.armexidx.*)
                0x08005518                PROVIDE (__exidx_end, .)
                0x08005518                PROVIDE (__text_end, .)

.data           0x20000000        0x8 load address 0x08005518
                0x20000000                . = ALIGN (0x4)
                0x20000000                PROVIDE (__data_start, .)
 *(.data .data*)
 .data          0x20000000        0x0 c:/devel/yard-ice/src/sdk/libthinkos/test/alloc/debug/alloc_test.o
 .data          0x20000000        0x8 c:/devel/yard-ice/src/sdk/libthinkos/test/alloc/debug/stdio.o
                0x20000000                stm32f_uart_file
 .data          0x20000008        0x0 c:/devel/yard-ice/src/sdk/libthinkos/test/alloc/debug/libstm32f\libstm32f.a(stm32f-gpio.o)
 .data          0x20000008        0x0 c:/devel/yard-ice/src/sdk/libthinkos/test/alloc/debug/libstm32f\libstm32f.a(stm32f-usart_init.o)
 .data          0x20000008        0x0 c:/devel/yard-ice/src/sdk/libthinkos/test/alloc/debug/libstm32f\libstm32f.a(stm32f-usart_baudrate_set.o)
 .data          0x20000008        0x0 c:/devel/yard-ice/src/sdk/libthinkos/test/alloc/debug/libstm32f\libstm32f.a(stm32f-usart_mode_set.o)
 .data          0x20000008        0x0 c:/devel/yard-ice/src/sdk/libthinkos/test/alloc/debug/libstm32f\libstm32f.a(stm32f-usart_enable.o)
 .data          0x20000008        0x0 c:/devel/yard-ice/src/sdk/libthinkos/test/alloc/debug/libstm32f\libstm32f.a(stm32f-usart_fops.o)
 .data          0x20000008        0x0 c:/devel/yard-ice/src/sdk/libthinkos/test/alloc/debug/libstm32f\libstm32f.a(stm32f-otg_fs_dev.o)
 .data          0x20000008        0x0 c:/devel/yard-ice/src/sdk/libthinkos/test/alloc/debug/libstm32f\libstm32f.a(stm32f-crt0.o)
 .data          0x20000008        0x0 c:/devel/yard-ice/src/sdk/libthinkos/test/alloc/debug/libstm32f\libstm32f.a(stm32f-init.o)
 .data          0x20000008        0x0 c:/devel/yard-ice/src/sdk/libthinkos/test/alloc/debug/libstm32f\libstm32f.a(stm32f-usart.o)
 .data          0x20000008        0x0 c:/devel/yard-ice/src/sdk/libthinkos/test/alloc/debug/libstm32f\libstm32f.a(stm32f-usart_power_off.o)
 .data          0x20000008        0x0 c:/devel/yard-ice/src/sdk/libthinkos/test/alloc/debug/libstm32f\libstm32f.a(stm32f-usart_flush.o)
 .data          0x20000008        0x0 c:/devel/yard-ice/src/sdk/libthinkos/test/alloc/debug/libstm32f\libstm32f.a(stm32f-usart_read.o)
 .data          0x20000008        0x0 c:/devel/yard-ice/src/sdk/libthinkos/test/alloc/debug/libstm32f\libstm32f.a(stm32f-usart_canon_write.o)
 .data          0x20000008        0x0 c:/devel/yard-ice/src/sdk/libthinkos/test/alloc/debug/libstm32f\libstm32f.a(stm32f-otg_fs.o)
 .data          0x20000008        0x0 c:/devel/yard-ice/src/sdk/libthinkos/test/alloc/debug/libstm32f\libstm32f.a(stm32f-usart_getc.o)
 .data          0x20000008        0x0 c:/devel/yard-ice/src/sdk/libthinkos/test/alloc/debug/libstm32f\libstm32f.a(stm32f-usart_putc.o)
 .data          0x20000008        0x0 c:/devel/yard-ice/src/sdk/libthinkos/test/alloc/debug/libcm3\libcm3.a(cm3-udelay.o)
 .data          0x20000008        0x0 c:/devel/yard-ice/src/sdk/libthinkos/test/alloc/debug/libutil\libutil.a(udelay.o)
 .data          0x20000008        0x0 c:/devel/yard-ice/src/sdk/libthinkos/test/alloc/debug/libthinkos\libthinkos.a(thinkos_core.o)
 .data          0x20000008        0x0 c:/devel/yard-ice/src/sdk/libthinkos/test/alloc/debug/libthinkos\libthinkos.a(thinkos_svc.o)
 .data          0x20000008        0x0 c:/devel/yard-ice/src/sdk/libthinkos/test/alloc/debug/libthinkos\libthinkos.a(thinkos_irq.o)
 .data          0x20000008        0x0 c:/devel/yard-ice/src/sdk/libthinkos/test/alloc/debug/libthinkos\libthinkos.a(thinkos_flag.o)
 .data          0x20000008        0x0 c:/devel/yard-ice/src/sdk/libthinkos/test/alloc/debug/libthinkos\libthinkos.a(thinkos_except.o)
 .data          0x20000008        0x0 c:/devel/yard-ice/src/sdk/libthinkos/test/alloc/debug/libthinkos\libthinkos.a(thinkos_util.o)
 .data          0x20000008        0x0 c:/devel/yard-ice/src/sdk/libthinkos/test/alloc/debug/libthinkos\libthinkos.a(thinkos_type.o)
 .data          0x20000008        0x0 c:/devel/yard-ice/src/sdk/libthinkos/test/alloc/debug/libthinkos\libthinkos.a(thinkos_sleep.o)
 .data          0x20000008        0x0 c:/devel/yard-ice/src/sdk/libthinkos/test/alloc/debug/libthinkos\libthinkos.a(thinkos.o)
 .data          0x20000008        0x0 c:/devel/yard-ice/src/sdk/libthinkos/test/alloc/debug/libthinkos\libthinkos.a(thinkos_mutex.o)
 .data          0x20000008        0x0 c:/devel/yard-ice/src/sdk/libthinkos/test/alloc/debug/libthinkos\libthinkos.a(thinkos_cond.o)
 .data          0x20000008        0x0 c:/devel/yard-ice/src/sdk/libthinkos/test/alloc/debug/libthinkos\libthinkos.a(thinkos_semaphore.o)
 .data          0x20000008        0x0 c:/devel/yard-ice/src/sdk/libthinkos/test/alloc/debug/libthinkos\libthinkos.a(thinkos_event.o)
 .data          0x20000008        0x0 c:/devel/yard-ice/src/sdk/libthinkos/test/alloc/debug/libc\libc.a(printf.o)
 .data          0x20000008        0x0 c:/devel/yard-ice/src/sdk/libthinkos/test/alloc/debug/libc\libc.a(putchar.o)
 .data          0x20000008        0x0 c:/devel/yard-ice/src/sdk/libthinkos/test/alloc/debug/libc\libc.a(puts.o)
 .data          0x20000008        0x0 c:/devel/yard-ice/src/sdk/libthinkos/test/alloc/debug/libc\libc.a(strlen.o)
 .data          0x20000008        0x0 c:/devel/yard-ice/src/sdk/libthinkos/test/alloc/debug/libc\libc.a(vfprintf.o)
 .data          0x20000008        0x0 c:/devel/yard-ice/src/sdk/libthinkos/test/alloc/debug/libc\libc.a(stdin.o)
 .data          0x20000008        0x0 c:/devel/yard-ice/src/sdk/libthinkos/test/alloc/debug/libc\libc.a(stdout.o)
 .data          0x20000008        0x0 c:/devel/yard-ice/src/sdk/libthinkos/test/alloc/debug/libc\libc.a(stderr.o)
 .data          0x20000008        0x0 c:/devel/yard-ice/src/sdk/libthinkos/test/alloc/debug/libc\libc.a(abort.o)
 .data          0x20000008        0x0 c:/devel/yard-ice/src/sdk/libthinkos/test/alloc/debug/libc\libc.a(fputc.o)
 .data          0x20000008        0x0 c:/devel/yard-ice/src/sdk/libthinkos/test/alloc/debug/libc\libc.a(uint2dec.o)
 .data          0x20000008        0x0 c:/devel/yard-ice/src/sdk/libthinkos/test/alloc/debug/libc\libc.a(ull2dec.o)
 .data          0x20000008        0x0 c:/devel/yard-ice/src/sdk/libthinkos/test/alloc/debug/libc\libc.a(uint2hex.o)
 .data          0x20000008        0x0 c:/devel/yard-ice/src/sdk/libthinkos/test/alloc/debug/libc\libc.a(ull2hex.o)
 .data          0x20000008        0x0 c:/devel/yard-ice/src/sdk/libthinkos/test/alloc/debug/libice-comm\libice-comm.a(ice-comm.o)
 .data          0x20000008        0x0 c:/devel/yard-ice/src/sdk/libthinkos/test/alloc/debug/libice-comm\libice-comm.a(ice-trace_init.o)
 .data          0x20000008        0x0 c:/devel/yard-ice/src/sdk/libthinkos/test/alloc/debug/libice-comm\libice-comm.a(ice-trace0.o)
 .data          0x20000008        0x0 c:/devel/yard-ice/src/sdk/libthinkos/test/alloc/debug/libice-comm\libice-comm.a(ice-trace1.o)
 .data          0x20000008        0x0 c:/devel/yard-ice/src/sdk/libthinkos/test/alloc/debug/libice-comm\libice-comm.a(ice-trace2.o)
 .data          0x20000008        0x0 c:/devel/yard-ice/src/sdk/libthinkos/test/alloc/debug/libice-comm\libice-comm.a(ice-trace3.o)
 .data          0x20000008        0x0 c:/devel/yard-ice/src/sdk/libthinkos/test/alloc/debug/libice-comm\libice-comm.a(ice-trace4.o)
 .data          0x20000008        0x0 c:/devel/yard-ice/src/sdk/libthinkos/test/alloc/debug/libice-comm\libice-comm.a(ice-trace6.o)
 .data          0x20000008        0x0 c:/devel/yard-ice/src/sdk/libthinkos/test/alloc/debug/libice-comm\libice-comm.a(ice-trace7.o)
 .data          0x20000008        0x0 c:/devel/yard-ice/src/sdk/libthinkos/test/alloc/debug/libice-comm\libice-comm.a(ice-comm_wr32.o)
                0x20000008                . = ALIGN (0x4)
                0x20000008                PROVIDE (__data_end, .)
                0x00005514                PROVIDE (__image_size, ((SIZEOF (.init) + SIZEOF (.text)) + SIZEOF (.data)))

.igot.plt       0x20000008        0x0 load address 0x08005520
 .igot.plt      0x00000000        0x0 c:/devel/yard-ice/src/sdk/libthinkos/test/alloc/debug/alloc_test.o

.bss            0x20000008      0xf1c load address 0x08005520
                0x20000008                PROVIDE (__bss_start, .)
 *(.bss)
 .bss           0x20000008        0x0 c:/devel/yard-ice/src/sdk/libthinkos/test/alloc/debug/alloc_test.o
 .bss           0x20000008        0x0 c:/devel/yard-ice/src/sdk/libthinkos/test/alloc/debug/stdio.o
 .bss           0x20000008        0x0 c:/devel/yard-ice/src/sdk/libthinkos/test/alloc/debug/libstm32f\libstm32f.a(stm32f-gpio.o)
 .bss           0x20000008        0x0 c:/devel/yard-ice/src/sdk/libthinkos/test/alloc/debug/libstm32f\libstm32f.a(stm32f-usart_init.o)
 .bss           0x20000008        0x0 c:/devel/yard-ice/src/sdk/libthinkos/test/alloc/debug/libstm32f\libstm32f.a(stm32f-usart_baudrate_set.o)
 .bss           0x20000008        0x0 c:/devel/yard-ice/src/sdk/libthinkos/test/alloc/debug/libstm32f\libstm32f.a(stm32f-usart_mode_set.o)
 .bss           0x20000008        0x0 c:/devel/yard-ice/src/sdk/libthinkos/test/alloc/debug/libstm32f\libstm32f.a(stm32f-usart_enable.o)
 .bss           0x20000008        0x0 c:/devel/yard-ice/src/sdk/libthinkos/test/alloc/debug/libstm32f\libstm32f.a(stm32f-usart_fops.o)
 .bss           0x20000008        0x0 c:/devel/yard-ice/src/sdk/libthinkos/test/alloc/debug/libstm32f\libstm32f.a(stm32f-otg_fs_dev.o)
 .bss           0x20000008        0x0 c:/devel/yard-ice/src/sdk/libthinkos/test/alloc/debug/libstm32f\libstm32f.a(stm32f-crt0.o)
 .bss           0x20000008        0x0 c:/devel/yard-ice/src/sdk/libthinkos/test/alloc/debug/libstm32f\libstm32f.a(stm32f-init.o)
 .bss           0x20000008        0x0 c:/devel/yard-ice/src/sdk/libthinkos/test/alloc/debug/libstm32f\libstm32f.a(stm32f-usart.o)
 .bss           0x20000008        0x0 c:/devel/yard-ice/src/sdk/libthinkos/test/alloc/debug/libstm32f\libstm32f.a(stm32f-usart_power_off.o)
 .bss           0x20000008        0x0 c:/devel/yard-ice/src/sdk/libthinkos/test/alloc/debug/libstm32f\libstm32f.a(stm32f-usart_flush.o)
 .bss           0x20000008        0x0 c:/devel/yard-ice/src/sdk/libthinkos/test/alloc/debug/libstm32f\libstm32f.a(stm32f-usart_read.o)
 .bss           0x20000008        0x0 c:/devel/yard-ice/src/sdk/libthinkos/test/alloc/debug/libstm32f\libstm32f.a(stm32f-usart_canon_write.o)
 .bss           0x20000008        0x0 c:/devel/yard-ice/src/sdk/libthinkos/test/alloc/debug/libstm32f\libstm32f.a(stm32f-otg_fs.o)
 .bss           0x20000008        0x0 c:/devel/yard-ice/src/sdk/libthinkos/test/alloc/debug/libstm32f\libstm32f.a(stm32f-usart_getc.o)
 .bss           0x20000008        0x0 c:/devel/yard-ice/src/sdk/libthinkos/test/alloc/debug/libstm32f\libstm32f.a(stm32f-usart_putc.o)
 .bss           0x20000008        0x0 c:/devel/yard-ice/src/sdk/libthinkos/test/alloc/debug/libcm3\libcm3.a(cm3-udelay.o)
 .bss           0x20000008        0x0 c:/devel/yard-ice/src/sdk/libthinkos/test/alloc/debug/libutil\libutil.a(udelay.o)
 .bss           0x20000008        0x0 c:/devel/yard-ice/src/sdk/libthinkos/test/alloc/debug/libthinkos\libthinkos.a(thinkos_core.o)
 .bss           0x20000008        0x0 c:/devel/yard-ice/src/sdk/libthinkos/test/alloc/debug/libthinkos\libthinkos.a(thinkos_svc.o)
 .bss           0x20000008        0x0 c:/devel/yard-ice/src/sdk/libthinkos/test/alloc/debug/libthinkos\libthinkos.a(thinkos_irq.o)
 .bss           0x20000008        0x0 c:/devel/yard-ice/src/sdk/libthinkos/test/alloc/debug/libthinkos\libthinkos.a(thinkos_flag.o)
 .bss           0x20000008        0x0 c:/devel/yard-ice/src/sdk/libthinkos/test/alloc/debug/libthinkos\libthinkos.a(thinkos_except.o)
 .bss           0x20000008        0x0 c:/devel/yard-ice/src/sdk/libthinkos/test/alloc/debug/libthinkos\libthinkos.a(thinkos_util.o)
 .bss           0x20000008        0x0 c:/devel/yard-ice/src/sdk/libthinkos/test/alloc/debug/libthinkos\libthinkos.a(thinkos_type.o)
 .bss           0x20000008        0x0 c:/devel/yard-ice/src/sdk/libthinkos/test/alloc/debug/libthinkos\libthinkos.a(thinkos_sleep.o)
 .bss           0x20000008        0x0 c:/devel/yard-ice/src/sdk/libthinkos/test/alloc/debug/libthinkos\libthinkos.a(thinkos.o)
 .bss           0x20000008        0x0 c:/devel/yard-ice/src/sdk/libthinkos/test/alloc/debug/libthinkos\libthinkos.a(thinkos_mutex.o)
 .bss           0x20000008        0x0 c:/devel/yard-ice/src/sdk/libthinkos/test/alloc/debug/libthinkos\libthinkos.a(thinkos_cond.o)
 .bss           0x20000008        0x0 c:/devel/yard-ice/src/sdk/libthinkos/test/alloc/debug/libthinkos\libthinkos.a(thinkos_semaphore.o)
 .bss           0x20000008        0x0 c:/devel/yard-ice/src/sdk/libthinkos/test/alloc/debug/libthinkos\libthinkos.a(thinkos_event.o)
 .bss           0x20000008        0x0 c:/devel/yard-ice/src/sdk/libthinkos/test/alloc/debug/libc\libc.a(printf.o)
 .bss           0x20000008        0x0 c:/devel/yard-ice/src/sdk/libthinkos/test/alloc/debug/libc\libc.a(putchar.o)
 .bss           0x20000008        0x0 c:/devel/yard-ice/src/sdk/libthinkos/test/alloc/debug/libc\libc.a(puts.o)
 .bss           0x20000008        0x0 c:/devel/yard-ice/src/sdk/libthinkos/test/alloc/debug/libc\libc.a(strlen.o)
 .bss           0x20000008        0x0 c:/devel/yard-ice/src/sdk/libthinkos/test/alloc/debug/libc\libc.a(vfprintf.o)
 .bss           0x20000008        0x0 c:/devel/yard-ice/src/sdk/libthinkos/test/alloc/debug/libc\libc.a(stdin.o)
 .bss           0x20000008        0x0 c:/devel/yard-ice/src/sdk/libthinkos/test/alloc/debug/libc\libc.a(stdout.o)
 .bss           0x20000008        0x0 c:/devel/yard-ice/src/sdk/libthinkos/test/alloc/debug/libc\libc.a(stderr.o)
 .bss           0x20000008        0x0 c:/devel/yard-ice/src/sdk/libthinkos/test/alloc/debug/libc\libc.a(abort.o)
 .bss           0x20000008        0x0 c:/devel/yard-ice/src/sdk/libthinkos/test/alloc/debug/libc\libc.a(fputc.o)
 .bss           0x20000008        0x0 c:/devel/yard-ice/src/sdk/libthinkos/test/alloc/debug/libc\libc.a(uint2dec.o)
 .bss           0x20000008        0x0 c:/devel/yard-ice/src/sdk/libthinkos/test/alloc/debug/libc\libc.a(ull2dec.o)
 .bss           0x20000008        0x0 c:/devel/yard-ice/src/sdk/libthinkos/test/alloc/debug/libc\libc.a(uint2hex.o)
 .bss           0x20000008        0x0 c:/devel/yard-ice/src/sdk/libthinkos/test/alloc/debug/libc\libc.a(ull2hex.o)
 .bss           0x20000008        0x0 c:/devel/yard-ice/src/sdk/libthinkos/test/alloc/debug/libice-comm\libice-comm.a(ice-comm.o)
 .bss           0x20000008        0x0 c:/devel/yard-ice/src/sdk/libthinkos/test/alloc/debug/libice-comm\libice-comm.a(ice-trace_init.o)
 .bss           0x20000008        0x0 c:/devel/yard-ice/src/sdk/libthinkos/test/alloc/debug/libice-comm\libice-comm.a(ice-trace0.o)
 .bss           0x20000008        0x0 c:/devel/yard-ice/src/sdk/libthinkos/test/alloc/debug/libice-comm\libice-comm.a(ice-trace1.o)
 .bss           0x20000008        0x0 c:/devel/yard-ice/src/sdk/libthinkos/test/alloc/debug/libice-comm\libice-comm.a(ice-trace2.o)
 .bss           0x20000008        0x0 c:/devel/yard-ice/src/sdk/libthinkos/test/alloc/debug/libice-comm\libice-comm.a(ice-trace3.o)
 .bss           0x20000008        0x0 c:/devel/yard-ice/src/sdk/libthinkos/test/alloc/debug/libice-comm\libice-comm.a(ice-trace4.o)
 .bss           0x20000008        0x0 c:/devel/yard-ice/src/sdk/libthinkos/test/alloc/debug/libice-comm\libice-comm.a(ice-trace6.o)
 .bss           0x20000008        0x0 c:/devel/yard-ice/src/sdk/libthinkos/test/alloc/debug/libice-comm\libice-comm.a(ice-trace7.o)
 .bss           0x20000008        0x0 c:/devel/yard-ice/src/sdk/libthinkos/test/alloc/debug/libice-comm\libice-comm.a(ice-comm_wr32.o)
 COMMON         0x20000008        0x1 c:/devel/yard-ice/src/sdk/libthinkos/test/alloc/debug/alloc_test.o
                0x20000008                __
 *fill*         0x20000009        0x3 
 COMMON         0x2000000c       0x74 c:/devel/yard-ice/src/sdk/libthinkos/test/alloc/debug/libstm32f\libstm32f.a(stm32f-otg_fs_dev.o)
                0x2000000c                stm32f_otg_fs_drv0
 COMMON         0x20000080        0x4 c:/devel/yard-ice/src/sdk/libthinkos/test/alloc/debug/libutil\libutil.a(udelay.o)
                0x20000080                udelay_factor
 *fill*         0x20000084        0x4 
 COMMON         0x20000088      0xe40 c:/devel/yard-ice/src/sdk/libthinkos/test/alloc/debug/libthinkos\libthinkos.a(thinkos_core.o)
                0x20000088                thinkos_rt
                0x20000d38                thinkos_idle
 COMMON         0x20000ec8        0x4 c:/devel/yard-ice/src/sdk/libthinkos/test/alloc/debug/libc\libc.a(stdin.o)
                0x20000ec8                stdin
 COMMON         0x20000ecc        0x4 c:/devel/yard-ice/src/sdk/libthinkos/test/alloc/debug/libc\libc.a(stdout.o)
                0x20000ecc                stdout
 COMMON         0x20000ed0        0x4 c:/devel/yard-ice/src/sdk/libthinkos/test/alloc/debug/libc\libc.a(stderr.o)
                0x20000ed0                stderr
 COMMON         0x20000ed4       0x50 c:/devel/yard-ice/src/sdk/libthinkos/test/alloc/debug/libice-comm\libice-comm.a(ice-comm.o)
                0x20000ed4                ice_comm_blk
                0x20000f24                . = ALIGN (0x4)
                0x20000f24                PROVIDE (__bss_end, .)
                0x20000f24                PROVIDE (__heap_start, .)
OUTPUT(c:/devel/yard-ice/src/sdk/libthinkos/test/alloc/debug/alloc_test.elf elf32-littlearm)

.debug_info     0x00000000    0x192ba
 .debug_info    0x00000000     0x13e4 c:/devel/yard-ice/src/sdk/libthinkos/test/alloc/debug/alloc_test.o
 .debug_info    0x000013e4      0x86a c:/devel/yard-ice/src/sdk/libthinkos/test/alloc/debug/stdio.o
 .debug_info    0x00001c4e      0x593 c:/devel/yard-ice/src/sdk/libthinkos/test/alloc/debug/libstm32f\libstm32f.a(stm32f-gpio.o)
 .debug_info    0x000021e1      0x531 c:/devel/yard-ice/src/sdk/libthinkos/test/alloc/debug/libstm32f\libstm32f.a(stm32f-usart_init.o)
 .debug_info    0x00002712      0x3ca c:/devel/yard-ice/src/sdk/libthinkos/test/alloc/debug/libstm32f\libstm32f.a(stm32f-usart_baudrate_set.o)
 .debug_info    0x00002adc      0x312 c:/devel/yard-ice/src/sdk/libthinkos/test/alloc/debug/libstm32f\libstm32f.a(stm32f-usart_mode_set.o)
 .debug_info    0x00002dee      0x202 c:/devel/yard-ice/src/sdk/libthinkos/test/alloc/debug/libstm32f\libstm32f.a(stm32f-usart_enable.o)
 .debug_info    0x00002ff0      0x1cd c:/devel/yard-ice/src/sdk/libthinkos/test/alloc/debug/libstm32f\libstm32f.a(stm32f-usart_fops.o)
 .debug_info    0x000031bd     0x2a23 c:/devel/yard-ice/src/sdk/libthinkos/test/alloc/debug/libstm32f\libstm32f.a(stm32f-otg_fs_dev.o)
 .debug_info    0x00005be0      0x458 c:/devel/yard-ice/src/sdk/libthinkos/test/alloc/debug/libstm32f\libstm32f.a(stm32f-init.o)
 .debug_info    0x00006038      0x284 c:/devel/yard-ice/src/sdk/libthinkos/test/alloc/debug/libstm32f\libstm32f.a(stm32f-usart.o)
 .debug_info    0x000062bc      0x4a8 c:/devel/yard-ice/src/sdk/libthinkos/test/alloc/debug/libstm32f\libstm32f.a(stm32f-usart_power_off.o)
 .debug_info    0x00006764      0x212 c:/devel/yard-ice/src/sdk/libthinkos/test/alloc/debug/libstm32f\libstm32f.a(stm32f-usart_flush.o)
 .debug_info    0x00006976      0x315 c:/devel/yard-ice/src/sdk/libthinkos/test/alloc/debug/libstm32f\libstm32f.a(stm32f-usart_read.o)
 .debug_info    0x00006c8b      0x2a6 c:/devel/yard-ice/src/sdk/libthinkos/test/alloc/debug/libstm32f\libstm32f.a(stm32f-usart_canon_write.o)
 .debug_info    0x00006f31      0xffa c:/devel/yard-ice/src/sdk/libthinkos/test/alloc/debug/libstm32f\libstm32f.a(stm32f-otg_fs.o)
 .debug_info    0x00007f2b      0x2d0 c:/devel/yard-ice/src/sdk/libthinkos/test/alloc/debug/libstm32f\libstm32f.a(stm32f-usart_getc.o)
 .debug_info    0x000081fb      0x214 c:/devel/yard-ice/src/sdk/libthinkos/test/alloc/debug/libstm32f\libstm32f.a(stm32f-usart_putc.o)
 .debug_info    0x0000840f      0x174 c:/devel/yard-ice/src/sdk/libthinkos/test/alloc/debug/libcm3\libcm3.a(cm3-udelay.o)
 .debug_info    0x00008583      0x1d2 c:/devel/yard-ice/src/sdk/libthinkos/test/alloc/debug/libutil\libutil.a(udelay.o)
 .debug_info    0x00008755     0x189b c:/devel/yard-ice/src/sdk/libthinkos/test/alloc/debug/libthinkos\libthinkos.a(thinkos_core.o)
 .debug_info    0x00009ff0      0xf4a c:/devel/yard-ice/src/sdk/libthinkos/test/alloc/debug/libthinkos\libthinkos.a(thinkos_svc.o)
 .debug_info    0x0000af3a      0xb8a c:/devel/yard-ice/src/sdk/libthinkos/test/alloc/debug/libthinkos\libthinkos.a(thinkos_irq.o)
 .debug_info    0x0000bac4     0x2077 c:/devel/yard-ice/src/sdk/libthinkos/test/alloc/debug/libthinkos\libthinkos.a(thinkos_flag.o)
 .debug_info    0x0000db3b     0x120b c:/devel/yard-ice/src/sdk/libthinkos/test/alloc/debug/libthinkos\libthinkos.a(thinkos_except.o)
 .debug_info    0x0000ed46      0x704 c:/devel/yard-ice/src/sdk/libthinkos/test/alloc/debug/libthinkos\libthinkos.a(thinkos_util.o)
 .debug_info    0x0000f44a      0x658 c:/devel/yard-ice/src/sdk/libthinkos/test/alloc/debug/libthinkos\libthinkos.a(thinkos_type.o)
 .debug_info    0x0000faa2      0x973 c:/devel/yard-ice/src/sdk/libthinkos/test/alloc/debug/libthinkos\libthinkos.a(thinkos_sleep.o)
 .debug_info    0x00010415      0xdae c:/devel/yard-ice/src/sdk/libthinkos/test/alloc/debug/libthinkos\libthinkos.a(thinkos.o)
 .debug_info    0x000111c3     0x1193 c:/devel/yard-ice/src/sdk/libthinkos/test/alloc/debug/libthinkos\libthinkos.a(thinkos_mutex.o)
 .debug_info    0x00012356     0x17c1 c:/devel/yard-ice/src/sdk/libthinkos/test/alloc/debug/libthinkos\libthinkos.a(thinkos_cond.o)
 .debug_info    0x00013b17     0x1295 c:/devel/yard-ice/src/sdk/libthinkos/test/alloc/debug/libthinkos\libthinkos.a(thinkos_semaphore.o)
 .debug_info    0x00014dac     0x18b5 c:/devel/yard-ice/src/sdk/libthinkos/test/alloc/debug/libthinkos\libthinkos.a(thinkos_event.o)
 .debug_info    0x00016661      0x124 c:/devel/yard-ice/src/sdk/libthinkos/test/alloc/debug/libc\libc.a(printf.o)
 .debug_info    0x00016785       0xbb c:/devel/yard-ice/src/sdk/libthinkos/test/alloc/debug/libc\libc.a(putchar.o)
 .debug_info    0x00016840      0x1e3 c:/devel/yard-ice/src/sdk/libthinkos/test/alloc/debug/libc\libc.a(puts.o)
 .debug_info    0x00016a23       0x99 c:/devel/yard-ice/src/sdk/libthinkos/test/alloc/debug/libc\libc.a(strlen.o)
 .debug_info    0x00016abc      0x4e5 c:/devel/yard-ice/src/sdk/libthinkos/test/alloc/debug/libc\libc.a(vfprintf.o)
 .debug_info    0x00016fa1       0x5b c:/devel/yard-ice/src/sdk/libthinkos/test/alloc/debug/libc\libc.a(stdin.o)
 .debug_info    0x00016ffc       0x5b c:/devel/yard-ice/src/sdk/libthinkos/test/alloc/debug/libc\libc.a(stdout.o)
 .debug_info    0x00017057       0x68 c:/devel/yard-ice/src/sdk/libthinkos/test/alloc/debug/libc\libc.a(stderr.o)
 .debug_info    0x000170bf       0x45 c:/devel/yard-ice/src/sdk/libthinkos/test/alloc/debug/libc\libc.a(abort.o)
 .debug_info    0x00017104      0x1af c:/devel/yard-ice/src/sdk/libthinkos/test/alloc/debug/libc\libc.a(fputc.o)
 .debug_info    0x000172b3       0xeb c:/devel/yard-ice/src/sdk/libthinkos/test/alloc/debug/libc\libc.a(uint2dec.o)
 .debug_info    0x0001739e       0xeb c:/devel/yard-ice/src/sdk/libthinkos/test/alloc/debug/libc\libc.a(ull2dec.o)
 .debug_info    0x00017489       0xc9 c:/devel/yard-ice/src/sdk/libthinkos/test/alloc/debug/libc\libc.a(uint2hex.o)
 .debug_info    0x00017552       0xb8 c:/devel/yard-ice/src/sdk/libthinkos/test/alloc/debug/libc\libc.a(ull2hex.o)
 .debug_info    0x0001760a      0x2bc c:/devel/yard-ice/src/sdk/libthinkos/test/alloc/debug/libice-comm\libice-comm.a(ice-comm.o)
 .debug_info    0x000178c6      0x1b7 c:/devel/yard-ice/src/sdk/libthinkos/test/alloc/debug/libice-comm\libice-comm.a(ice-trace_init.o)
 .debug_info    0x00017a7d      0x2ef c:/devel/yard-ice/src/sdk/libthinkos/test/alloc/debug/libice-comm\libice-comm.a(ice-trace0.o)
 .debug_info    0x00017d6c      0x2fc c:/devel/yard-ice/src/sdk/libthinkos/test/alloc/debug/libice-comm\libice-comm.a(ice-trace1.o)
 .debug_info    0x00018068      0x30b c:/devel/yard-ice/src/sdk/libthinkos/test/alloc/debug/libice-comm\libice-comm.a(ice-trace2.o)
 .debug_info    0x00018373      0x318 c:/devel/yard-ice/src/sdk/libthinkos/test/alloc/debug/libice-comm\libice-comm.a(ice-trace3.o)
 .debug_info    0x0001868b      0x326 c:/devel/yard-ice/src/sdk/libthinkos/test/alloc/debug/libice-comm\libice-comm.a(ice-trace4.o)
 .debug_info    0x000189b1      0x344 c:/devel/yard-ice/src/sdk/libthinkos/test/alloc/debug/libice-comm\libice-comm.a(ice-trace6.o)
 .debug_info    0x00018cf5      0x354 c:/devel/yard-ice/src/sdk/libthinkos/test/alloc/debug/libice-comm\libice-comm.a(ice-trace7.o)
 .debug_info    0x00019049      0x271 c:/devel/yard-ice/src/sdk/libthinkos/test/alloc/debug/libice-comm\libice-comm.a(ice-comm_wr32.o)

.debug_abbrev   0x00000000     0x67d9
 .debug_abbrev  0x00000000      0x334 c:/devel/yard-ice/src/sdk/libthinkos/test/alloc/debug/alloc_test.o
 .debug_abbrev  0x00000334      0x24c c:/devel/yard-ice/src/sdk/libthinkos/test/alloc/debug/stdio.o
 .debug_abbrev  0x00000580      0x1f6 c:/devel/yard-ice/src/sdk/libthinkos/test/alloc/debug/libstm32f\libstm32f.a(stm32f-gpio.o)
 .debug_abbrev  0x00000776      0x1dd c:/devel/yard-ice/src/sdk/libthinkos/test/alloc/debug/libstm32f\libstm32f.a(stm32f-usart_init.o)
 .debug_abbrev  0x00000953      0x1f1 c:/devel/yard-ice/src/sdk/libthinkos/test/alloc/debug/libstm32f\libstm32f.a(stm32f-usart_baudrate_set.o)
 .debug_abbrev  0x00000b44      0x1bc c:/devel/yard-ice/src/sdk/libthinkos/test/alloc/debug/libstm32f\libstm32f.a(stm32f-usart_mode_set.o)
 .debug_abbrev  0x00000d00      0x11b c:/devel/yard-ice/src/sdk/libthinkos/test/alloc/debug/libstm32f\libstm32f.a(stm32f-usart_enable.o)
 .debug_abbrev  0x00000e1b       0xf3 c:/devel/yard-ice/src/sdk/libthinkos/test/alloc/debug/libstm32f\libstm32f.a(stm32f-usart_fops.o)
 .debug_abbrev  0x00000f0e      0x635 c:/devel/yard-ice/src/sdk/libthinkos/test/alloc/debug/libstm32f\libstm32f.a(stm32f-otg_fs_dev.o)
 .debug_abbrev  0x00001543      0x150 c:/devel/yard-ice/src/sdk/libthinkos/test/alloc/debug/libstm32f\libstm32f.a(stm32f-init.o)
 .debug_abbrev  0x00001693      0x146 c:/devel/yard-ice/src/sdk/libthinkos/test/alloc/debug/libstm32f\libstm32f.a(stm32f-usart.o)
 .debug_abbrev  0x000017d9      0x1a5 c:/devel/yard-ice/src/sdk/libthinkos/test/alloc/debug/libstm32f\libstm32f.a(stm32f-usart_power_off.o)
 .debug_abbrev  0x0000197e      0x12a c:/devel/yard-ice/src/sdk/libthinkos/test/alloc/debug/libstm32f\libstm32f.a(stm32f-usart_flush.o)
 .debug_abbrev  0x00001aa8      0x1ad c:/devel/yard-ice/src/sdk/libthinkos/test/alloc/debug/libstm32f\libstm32f.a(stm32f-usart_read.o)
 .debug_abbrev  0x00001c55      0x17e c:/devel/yard-ice/src/sdk/libthinkos/test/alloc/debug/libstm32f\libstm32f.a(stm32f-usart_canon_write.o)
 .debug_abbrev  0x00001dd3      0x367 c:/devel/yard-ice/src/sdk/libthinkos/test/alloc/debug/libstm32f\libstm32f.a(stm32f-otg_fs.o)
 .debug_abbrev  0x0000213a      0x19c c:/devel/yard-ice/src/sdk/libthinkos/test/alloc/debug/libstm32f\libstm32f.a(stm32f-usart_getc.o)
 .debug_abbrev  0x000022d6      0x12c c:/devel/yard-ice/src/sdk/libthinkos/test/alloc/debug/libstm32f\libstm32f.a(stm32f-usart_putc.o)
 .debug_abbrev  0x00002402      0x121 c:/devel/yard-ice/src/sdk/libthinkos/test/alloc/debug/libcm3\libcm3.a(cm3-udelay.o)
 .debug_abbrev  0x00002523      0x12d c:/devel/yard-ice/src/sdk/libthinkos/test/alloc/debug/libutil\libutil.a(udelay.o)
 .debug_abbrev  0x00002650      0x4d4 c:/devel/yard-ice/src/sdk/libthinkos/test/alloc/debug/libthinkos\libthinkos.a(thinkos_core.o)
 .debug_abbrev  0x00002b24      0x256 c:/devel/yard-ice/src/sdk/libthinkos/test/alloc/debug/libthinkos\libthinkos.a(thinkos_svc.o)
 .debug_abbrev  0x00002d7a      0x2c7 c:/devel/yard-ice/src/sdk/libthinkos/test/alloc/debug/libthinkos\libthinkos.a(thinkos_irq.o)
 .debug_abbrev  0x00003041      0x39c c:/devel/yard-ice/src/sdk/libthinkos/test/alloc/debug/libthinkos\libthinkos.a(thinkos_flag.o)
 .debug_abbrev  0x000033dd      0x315 c:/devel/yard-ice/src/sdk/libthinkos/test/alloc/debug/libthinkos\libthinkos.a(thinkos_except.o)
 .debug_abbrev  0x000036f2      0x261 c:/devel/yard-ice/src/sdk/libthinkos/test/alloc/debug/libthinkos\libthinkos.a(thinkos_util.o)
 .debug_abbrev  0x00003953      0x159 c:/devel/yard-ice/src/sdk/libthinkos/test/alloc/debug/libthinkos\libthinkos.a(thinkos_type.o)
 .debug_abbrev  0x00003aac      0x262 c:/devel/yard-ice/src/sdk/libthinkos/test/alloc/debug/libthinkos\libthinkos.a(thinkos_sleep.o)
 .debug_abbrev  0x00003d0e      0x340 c:/devel/yard-ice/src/sdk/libthinkos/test/alloc/debug/libthinkos\libthinkos.a(thinkos.o)
 .debug_abbrev  0x0000404e      0x31e c:/devel/yard-ice/src/sdk/libthinkos/test/alloc/debug/libthinkos\libthinkos.a(thinkos_mutex.o)
 .debug_abbrev  0x0000436c      0x356 c:/devel/yard-ice/src/sdk/libthinkos/test/alloc/debug/libthinkos\libthinkos.a(thinkos_cond.o)
 .debug_abbrev  0x000046c2      0x322 c:/devel/yard-ice/src/sdk/libthinkos/test/alloc/debug/libthinkos\libthinkos.a(thinkos_semaphore.o)
 .debug_abbrev  0x000049e4      0x3b0 c:/devel/yard-ice/src/sdk/libthinkos/test/alloc/debug/libthinkos\libthinkos.a(thinkos_event.o)
 .debug_abbrev  0x00004d94       0xf4 c:/devel/yard-ice/src/sdk/libthinkos/test/alloc/debug/libc\libc.a(printf.o)
 .debug_abbrev  0x00004e88       0xb9 c:/devel/yard-ice/src/sdk/libthinkos/test/alloc/debug/libc\libc.a(putchar.o)
 .debug_abbrev  0x00004f41      0x12c c:/devel/yard-ice/src/sdk/libthinkos/test/alloc/debug/libc\libc.a(puts.o)
 .debug_abbrev  0x0000506d       0x7f c:/devel/yard-ice/src/sdk/libthinkos/test/alloc/debug/libc\libc.a(strlen.o)
 .debug_abbrev  0x000050ec      0x1d1 c:/devel/yard-ice/src/sdk/libthinkos/test/alloc/debug/libc\libc.a(vfprintf.o)
 .debug_abbrev  0x000052bd       0x5c c:/devel/yard-ice/src/sdk/libthinkos/test/alloc/debug/libc\libc.a(stdin.o)
 .debug_abbrev  0x00005319       0x5c c:/devel/yard-ice/src/sdk/libthinkos/test/alloc/debug/libc\libc.a(stdout.o)
 .debug_abbrev  0x00005375       0x5c c:/devel/yard-ice/src/sdk/libthinkos/test/alloc/debug/libc\libc.a(stderr.o)
 .debug_abbrev  0x000053d1       0x40 c:/devel/yard-ice/src/sdk/libthinkos/test/alloc/debug/libc\libc.a(abort.o)
 .debug_abbrev  0x00005411      0x107 c:/devel/yard-ice/src/sdk/libthinkos/test/alloc/debug/libc\libc.a(fputc.o)
 .debug_abbrev  0x00005518       0xa0 c:/devel/yard-ice/src/sdk/libthinkos/test/alloc/debug/libc\libc.a(uint2dec.o)
 .debug_abbrev  0x000055b8       0xa0 c:/devel/yard-ice/src/sdk/libthinkos/test/alloc/debug/libc\libc.a(ull2dec.o)
 .debug_abbrev  0x00005658       0xa2 c:/devel/yard-ice/src/sdk/libthinkos/test/alloc/debug/libc\libc.a(uint2hex.o)
 .debug_abbrev  0x000056fa       0x9e c:/devel/yard-ice/src/sdk/libthinkos/test/alloc/debug/libc\libc.a(ull2hex.o)
 .debug_abbrev  0x00005798      0x18d c:/devel/yard-ice/src/sdk/libthinkos/test/alloc/debug/libice-comm\libice-comm.a(ice-comm.o)
 .debug_abbrev  0x00005925      0x117 c:/devel/yard-ice/src/sdk/libthinkos/test/alloc/debug/libice-comm\libice-comm.a(ice-trace_init.o)
 .debug_abbrev  0x00005a3c      0x1a1 c:/devel/yard-ice/src/sdk/libthinkos/test/alloc/debug/libice-comm\libice-comm.a(ice-trace0.o)
 .debug_abbrev  0x00005bdd      0x1b0 c:/devel/yard-ice/src/sdk/libthinkos/test/alloc/debug/libice-comm\libice-comm.a(ice-trace1.o)
 .debug_abbrev  0x00005d8d      0x1bf c:/devel/yard-ice/src/sdk/libthinkos/test/alloc/debug/libice-comm\libice-comm.a(ice-trace2.o)
 .debug_abbrev  0x00005f4c      0x1bf c:/devel/yard-ice/src/sdk/libthinkos/test/alloc/debug/libice-comm\libice-comm.a(ice-trace3.o)
 .debug_abbrev  0x0000610b      0x1bf c:/devel/yard-ice/src/sdk/libthinkos/test/alloc/debug/libice-comm\libice-comm.a(ice-trace4.o)
 .debug_abbrev  0x000062ca      0x1bf c:/devel/yard-ice/src/sdk/libthinkos/test/alloc/debug/libice-comm\libice-comm.a(ice-trace6.o)
 .debug_abbrev  0x00006489      0x1bf c:/devel/yard-ice/src/sdk/libthinkos/test/alloc/debug/libice-comm\libice-comm.a(ice-trace7.o)
 .debug_abbrev  0x00006648      0x191 c:/devel/yard-ice/src/sdk/libthinkos/test/alloc/debug/libice-comm\libice-comm.a(ice-comm_wr32.o)

.debug_loc      0x00000000     0xafd6
 .debug_loc     0x00000000      0x9fb c:/devel/yard-ice/src/sdk/libthinkos/test/alloc/debug/alloc_test.o
 .debug_loc     0x000009fb       0x20 c:/devel/yard-ice/src/sdk/libthinkos/test/alloc/debug/stdio.o
 .debug_loc     0x00000a1b      0x2a3 c:/devel/yard-ice/src/sdk/libthinkos/test/alloc/debug/libstm32f\libstm32f.a(stm32f-gpio.o)
 .debug_loc     0x00000cbe      0x18d c:/devel/yard-ice/src/sdk/libthinkos/test/alloc/debug/libstm32f\libstm32f.a(stm32f-usart_init.o)
 .debug_loc     0x00000e4b       0xe1 c:/devel/yard-ice/src/sdk/libthinkos/test/alloc/debug/libstm32f\libstm32f.a(stm32f-usart_baudrate_set.o)
 .debug_loc     0x00000f2c      0x135 c:/devel/yard-ice/src/sdk/libthinkos/test/alloc/debug/libstm32f\libstm32f.a(stm32f-usart_mode_set.o)
 .debug_loc     0x00001061     0x14b0 c:/devel/yard-ice/src/sdk/libthinkos/test/alloc/debug/libstm32f\libstm32f.a(stm32f-otg_fs_dev.o)
 .debug_loc     0x00002511      0x10a c:/devel/yard-ice/src/sdk/libthinkos/test/alloc/debug/libstm32f\libstm32f.a(stm32f-init.o)
 .debug_loc     0x0000261b       0x4d c:/devel/yard-ice/src/sdk/libthinkos/test/alloc/debug/libstm32f\libstm32f.a(stm32f-usart.o)
 .debug_loc     0x00002668      0x15e c:/devel/yard-ice/src/sdk/libthinkos/test/alloc/debug/libstm32f\libstm32f.a(stm32f-usart_power_off.o)
 .debug_loc     0x000027c6       0x21 c:/devel/yard-ice/src/sdk/libthinkos/test/alloc/debug/libstm32f\libstm32f.a(stm32f-usart_flush.o)
 .debug_loc     0x000027e7       0xd2 c:/devel/yard-ice/src/sdk/libthinkos/test/alloc/debug/libstm32f\libstm32f.a(stm32f-usart_read.o)
 .debug_loc     0x000028b9      0x139 c:/devel/yard-ice/src/sdk/libthinkos/test/alloc/debug/libstm32f\libstm32f.a(stm32f-usart_canon_write.o)
 .debug_loc     0x000029f2      0x71f c:/devel/yard-ice/src/sdk/libthinkos/test/alloc/debug/libstm32f\libstm32f.a(stm32f-otg_fs.o)
 .debug_loc     0x00003111       0x5f c:/devel/yard-ice/src/sdk/libthinkos/test/alloc/debug/libstm32f\libstm32f.a(stm32f-usart_getc.o)
 .debug_loc     0x00003170       0x21 c:/devel/yard-ice/src/sdk/libthinkos/test/alloc/debug/libstm32f\libstm32f.a(stm32f-usart_putc.o)
 .debug_loc     0x00003191       0x20 c:/devel/yard-ice/src/sdk/libthinkos/test/alloc/debug/libcm3\libcm3.a(cm3-udelay.o)
 .debug_loc     0x000031b1      0x1c7 c:/devel/yard-ice/src/sdk/libthinkos/test/alloc/debug/libutil\libutil.a(udelay.o)
 .debug_loc     0x00003378      0x88c c:/devel/yard-ice/src/sdk/libthinkos/test/alloc/debug/libthinkos\libthinkos.a(thinkos_core.o)
 .debug_loc     0x00003c04      0x4fc c:/devel/yard-ice/src/sdk/libthinkos/test/alloc/debug/libthinkos\libthinkos.a(thinkos_svc.o)
 .debug_loc     0x00004100      0x19d c:/devel/yard-ice/src/sdk/libthinkos/test/alloc/debug/libthinkos\libthinkos.a(thinkos_irq.o)
 .debug_loc     0x0000429d     0x165b c:/devel/yard-ice/src/sdk/libthinkos/test/alloc/debug/libthinkos\libthinkos.a(thinkos_flag.o)
 .debug_loc     0x000058f8      0x273 c:/devel/yard-ice/src/sdk/libthinkos/test/alloc/debug/libthinkos\libthinkos.a(thinkos_except.o)
 .debug_loc     0x00005b6b       0xa2 c:/devel/yard-ice/src/sdk/libthinkos/test/alloc/debug/libthinkos\libthinkos.a(thinkos_util.o)
 .debug_loc     0x00005c0d      0x110 c:/devel/yard-ice/src/sdk/libthinkos/test/alloc/debug/libthinkos\libthinkos.a(thinkos_sleep.o)
 .debug_loc     0x00005d1d      0x45e c:/devel/yard-ice/src/sdk/libthinkos/test/alloc/debug/libthinkos\libthinkos.a(thinkos.o)
 .debug_loc     0x0000617b      0xaee c:/devel/yard-ice/src/sdk/libthinkos/test/alloc/debug/libthinkos\libthinkos.a(thinkos_mutex.o)
 .debug_loc     0x00006c69     0x12d0 c:/devel/yard-ice/src/sdk/libthinkos/test/alloc/debug/libthinkos\libthinkos.a(thinkos_cond.o)
 .debug_loc     0x00007f39      0xbe6 c:/devel/yard-ice/src/sdk/libthinkos/test/alloc/debug/libthinkos\libthinkos.a(thinkos_semaphore.o)
 .debug_loc     0x00008b1f     0x12d0 c:/devel/yard-ice/src/sdk/libthinkos/test/alloc/debug/libthinkos\libthinkos.a(thinkos_event.o)
 .debug_loc     0x00009def       0x38 c:/devel/yard-ice/src/sdk/libthinkos/test/alloc/debug/libc\libc.a(printf.o)
 .debug_loc     0x00009e27       0x21 c:/devel/yard-ice/src/sdk/libthinkos/test/alloc/debug/libc\libc.a(putchar.o)
 .debug_loc     0x00009e48       0x85 c:/devel/yard-ice/src/sdk/libthinkos/test/alloc/debug/libc\libc.a(puts.o)
 .debug_loc     0x00009ecd       0x55 c:/devel/yard-ice/src/sdk/libthinkos/test/alloc/debug/libc\libc.a(strlen.o)
 .debug_loc     0x00009f22      0x6fb c:/devel/yard-ice/src/sdk/libthinkos/test/alloc/debug/libc\libc.a(vfprintf.o)
 .debug_loc     0x0000a61d       0x6b c:/devel/yard-ice/src/sdk/libthinkos/test/alloc/debug/libc\libc.a(fputc.o)
 .debug_loc     0x0000a688      0x10a c:/devel/yard-ice/src/sdk/libthinkos/test/alloc/debug/libc\libc.a(uint2dec.o)
 .debug_loc     0x0000a792      0x11e c:/devel/yard-ice/src/sdk/libthinkos/test/alloc/debug/libc\libc.a(ull2dec.o)
 .debug_loc     0x0000a8b0       0x8f c:/devel/yard-ice/src/sdk/libthinkos/test/alloc/debug/libc\libc.a(uint2hex.o)
 .debug_loc     0x0000a93f       0x99 c:/devel/yard-ice/src/sdk/libthinkos/test/alloc/debug/libc\libc.a(ull2hex.o)
 .debug_loc     0x0000a9d8       0x20 c:/devel/yard-ice/src/sdk/libthinkos/test/alloc/debug/libice-comm\libice-comm.a(ice-comm.o)
 .debug_loc     0x0000a9f8       0x20 c:/devel/yard-ice/src/sdk/libthinkos/test/alloc/debug/libice-comm\libice-comm.a(ice-trace_init.o)
 .debug_loc     0x0000aa18       0x53 c:/devel/yard-ice/src/sdk/libthinkos/test/alloc/debug/libice-comm\libice-comm.a(ice-trace0.o)
 .debug_loc     0x0000aa6b       0x53 c:/devel/yard-ice/src/sdk/libthinkos/test/alloc/debug/libice-comm\libice-comm.a(ice-trace1.o)
 .debug_loc     0x0000aabe       0x8d c:/devel/yard-ice/src/sdk/libthinkos/test/alloc/debug/libice-comm\libice-comm.a(ice-trace2.o)
 .debug_loc     0x0000ab4b       0x8d c:/devel/yard-ice/src/sdk/libthinkos/test/alloc/debug/libice-comm\libice-comm.a(ice-trace3.o)
 .debug_loc     0x0000abd8       0xd2 c:/devel/yard-ice/src/sdk/libthinkos/test/alloc/debug/libice-comm\libice-comm.a(ice-trace4.o)
 .debug_loc     0x0000acaa      0x128 c:/devel/yard-ice/src/sdk/libthinkos/test/alloc/debug/libice-comm\libice-comm.a(ice-trace6.o)
 .debug_loc     0x0000add2      0x1b1 c:/devel/yard-ice/src/sdk/libthinkos/test/alloc/debug/libice-comm\libice-comm.a(ice-trace7.o)
 .debug_loc     0x0000af83       0x53 c:/devel/yard-ice/src/sdk/libthinkos/test/alloc/debug/libice-comm\libice-comm.a(ice-comm_wr32.o)

.debug_aranges  0x00000000      0x6f8
 .debug_aranges
                0x00000000       0x20 c:/devel/yard-ice/src/sdk/libthinkos/test/alloc/debug/alloc_test.o
 .debug_aranges
                0x00000020       0x20 c:/devel/yard-ice/src/sdk/libthinkos/test/alloc/debug/stdio.o
 .debug_aranges
                0x00000040       0x20 c:/devel/yard-ice/src/sdk/libthinkos/test/alloc/debug/libstm32f\libstm32f.a(stm32f-gpio.o)
 .debug_aranges
                0x00000060       0x20 c:/devel/yard-ice/src/sdk/libthinkos/test/alloc/debug/libstm32f\libstm32f.a(stm32f-usart_init.o)
 .debug_aranges
                0x00000080       0x20 c:/devel/yard-ice/src/sdk/libthinkos/test/alloc/debug/libstm32f\libstm32f.a(stm32f-usart_baudrate_set.o)
 .debug_aranges
                0x000000a0       0x20 c:/devel/yard-ice/src/sdk/libthinkos/test/alloc/debug/libstm32f\libstm32f.a(stm32f-usart_mode_set.o)
 .debug_aranges
                0x000000c0       0x20 c:/devel/yard-ice/src/sdk/libthinkos/test/alloc/debug/libstm32f\libstm32f.a(stm32f-usart_enable.o)
 .debug_aranges
                0x000000e0       0x18 c:/devel/yard-ice/src/sdk/libthinkos/test/alloc/debug/libstm32f\libstm32f.a(stm32f-usart_fops.o)
 .debug_aranges
                0x000000f8       0x20 c:/devel/yard-ice/src/sdk/libthinkos/test/alloc/debug/libstm32f\libstm32f.a(stm32f-otg_fs_dev.o)
 .debug_aranges
                0x00000118       0x20 c:/devel/yard-ice/src/sdk/libthinkos/test/alloc/debug/libstm32f\libstm32f.a(stm32f-init.o)
 .debug_aranges
                0x00000138       0x20 c:/devel/yard-ice/src/sdk/libthinkos/test/alloc/debug/libstm32f\libstm32f.a(stm32f-usart.o)
 .debug_aranges
                0x00000158       0x20 c:/devel/yard-ice/src/sdk/libthinkos/test/alloc/debug/libstm32f\libstm32f.a(stm32f-usart_power_off.o)
 .debug_aranges
                0x00000178       0x20 c:/devel/yard-ice/src/sdk/libthinkos/test/alloc/debug/libstm32f\libstm32f.a(stm32f-usart_flush.o)
 .debug_aranges
                0x00000198       0x20 c:/devel/yard-ice/src/sdk/libthinkos/test/alloc/debug/libstm32f\libstm32f.a(stm32f-usart_read.o)
 .debug_aranges
                0x000001b8       0x20 c:/devel/yard-ice/src/sdk/libthinkos/test/alloc/debug/libstm32f\libstm32f.a(stm32f-usart_canon_write.o)
 .debug_aranges
                0x000001d8       0x20 c:/devel/yard-ice/src/sdk/libthinkos/test/alloc/debug/libstm32f\libstm32f.a(stm32f-otg_fs.o)
 .debug_aranges
                0x000001f8       0x20 c:/devel/yard-ice/src/sdk/libthinkos/test/alloc/debug/libstm32f\libstm32f.a(stm32f-usart_getc.o)
 .debug_aranges
                0x00000218       0x20 c:/devel/yard-ice/src/sdk/libthinkos/test/alloc/debug/libstm32f\libstm32f.a(stm32f-usart_putc.o)
 .debug_aranges
                0x00000238       0x20 c:/devel/yard-ice/src/sdk/libthinkos/test/alloc/debug/libcm3\libcm3.a(cm3-udelay.o)
 .debug_aranges
                0x00000258       0x20 c:/devel/yard-ice/src/sdk/libthinkos/test/alloc/debug/libutil\libutil.a(udelay.o)
 .debug_aranges
                0x00000278       0x20 c:/devel/yard-ice/src/sdk/libthinkos/test/alloc/debug/libthinkos\libthinkos.a(thinkos_core.o)
 .debug_aranges
                0x00000298       0x20 c:/devel/yard-ice/src/sdk/libthinkos/test/alloc/debug/libthinkos\libthinkos.a(thinkos_svc.o)
 .debug_aranges
                0x000002b8       0x20 c:/devel/yard-ice/src/sdk/libthinkos/test/alloc/debug/libthinkos\libthinkos.a(thinkos_irq.o)
 .debug_aranges
                0x000002d8       0x20 c:/devel/yard-ice/src/sdk/libthinkos/test/alloc/debug/libthinkos\libthinkos.a(thinkos_flag.o)
 .debug_aranges
                0x000002f8       0x20 c:/devel/yard-ice/src/sdk/libthinkos/test/alloc/debug/libthinkos\libthinkos.a(thinkos_except.o)
 .debug_aranges
                0x00000318       0x20 c:/devel/yard-ice/src/sdk/libthinkos/test/alloc/debug/libthinkos\libthinkos.a(thinkos_util.o)
 .debug_aranges
                0x00000338       0x18 c:/devel/yard-ice/src/sdk/libthinkos/test/alloc/debug/libthinkos\libthinkos.a(thinkos_type.o)
 .debug_aranges
                0x00000350       0x20 c:/devel/yard-ice/src/sdk/libthinkos/test/alloc/debug/libthinkos\libthinkos.a(thinkos_sleep.o)
 .debug_aranges
                0x00000370       0x20 c:/devel/yard-ice/src/sdk/libthinkos/test/alloc/debug/libthinkos\libthinkos.a(thinkos.o)
 .debug_aranges
                0x00000390       0x20 c:/devel/yard-ice/src/sdk/libthinkos/test/alloc/debug/libthinkos\libthinkos.a(thinkos_mutex.o)
 .debug_aranges
                0x000003b0       0x20 c:/devel/yard-ice/src/sdk/libthinkos/test/alloc/debug/libthinkos\libthinkos.a(thinkos_cond.o)
 .debug_aranges
                0x000003d0       0x20 c:/devel/yard-ice/src/sdk/libthinkos/test/alloc/debug/libthinkos\libthinkos.a(thinkos_semaphore.o)
 .debug_aranges
                0x000003f0       0x20 c:/devel/yard-ice/src/sdk/libthinkos/test/alloc/debug/libthinkos\libthinkos.a(thinkos_event.o)
 .debug_aranges
                0x00000410       0x20 c:/devel/yard-ice/src/sdk/libthinkos/test/alloc/debug/libc\libc.a(printf.o)
 .debug_aranges
                0x00000430       0x20 c:/devel/yard-ice/src/sdk/libthinkos/test/alloc/debug/libc\libc.a(putchar.o)
 .debug_aranges
                0x00000450       0x20 c:/devel/yard-ice/src/sdk/libthinkos/test/alloc/debug/libc\libc.a(puts.o)
 .debug_aranges
                0x00000470       0x20 c:/devel/yard-ice/src/sdk/libthinkos/test/alloc/debug/libc\libc.a(strlen.o)
 .debug_aranges
                0x00000490       0x20 c:/devel/yard-ice/src/sdk/libthinkos/test/alloc/debug/libc\libc.a(vfprintf.o)
 .debug_aranges
                0x000004b0       0x18 c:/devel/yard-ice/src/sdk/libthinkos/test/alloc/debug/libc\libc.a(stdin.o)
 .debug_aranges
                0x000004c8       0x18 c:/devel/yard-ice/src/sdk/libthinkos/test/alloc/debug/libc\libc.a(stdout.o)
 .debug_aranges
                0x000004e0       0x18 c:/devel/yard-ice/src/sdk/libthinkos/test/alloc/debug/libc\libc.a(stderr.o)
 .debug_aranges
                0x000004f8       0x20 c:/devel/yard-ice/src/sdk/libthinkos/test/alloc/debug/libc\libc.a(abort.o)
 .debug_aranges
                0x00000518       0x20 c:/devel/yard-ice/src/sdk/libthinkos/test/alloc/debug/libc\libc.a(fputc.o)
 .debug_aranges
                0x00000538       0x20 c:/devel/yard-ice/src/sdk/libthinkos/test/alloc/debug/libc\libc.a(uint2dec.o)
 .debug_aranges
                0x00000558       0x20 c:/devel/yard-ice/src/sdk/libthinkos/test/alloc/debug/libc\libc.a(ull2dec.o)
 .debug_aranges
                0x00000578       0x20 c:/devel/yard-ice/src/sdk/libthinkos/test/alloc/debug/libc\libc.a(uint2hex.o)
 .debug_aranges
                0x00000598       0x20 c:/devel/yard-ice/src/sdk/libthinkos/test/alloc/debug/libc\libc.a(ull2hex.o)
 .debug_aranges
                0x000005b8       0x20 c:/devel/yard-ice/src/sdk/libthinkos/test/alloc/debug/libice-comm\libice-comm.a(ice-comm.o)
 .debug_aranges
                0x000005d8       0x20 c:/devel/yard-ice/src/sdk/libthinkos/test/alloc/debug/libice-comm\libice-comm.a(ice-trace_init.o)
 .debug_aranges
                0x000005f8       0x20 c:/devel/yard-ice/src/sdk/libthinkos/test/alloc/debug/libice-comm\libice-comm.a(ice-trace0.o)
 .debug_aranges
                0x00000618       0x20 c:/devel/yard-ice/src/sdk/libthinkos/test/alloc/debug/libice-comm\libice-comm.a(ice-trace1.o)
 .debug_aranges
                0x00000638       0x20 c:/devel/yard-ice/src/sdk/libthinkos/test/alloc/debug/libice-comm\libice-comm.a(ice-trace2.o)
 .debug_aranges
                0x00000658       0x20 c:/devel/yard-ice/src/sdk/libthinkos/test/alloc/debug/libice-comm\libice-comm.a(ice-trace3.o)
 .debug_aranges
                0x00000678       0x20 c:/devel/yard-ice/src/sdk/libthinkos/test/alloc/debug/libice-comm\libice-comm.a(ice-trace4.o)
 .debug_aranges
                0x00000698       0x20 c:/devel/yard-ice/src/sdk/libthinkos/test/alloc/debug/libice-comm\libice-comm.a(ice-trace6.o)
 .debug_aranges
                0x000006b8       0x20 c:/devel/yard-ice/src/sdk/libthinkos/test/alloc/debug/libice-comm\libice-comm.a(ice-trace7.o)
 .debug_aranges
                0x000006d8       0x20 c:/devel/yard-ice/src/sdk/libthinkos/test/alloc/debug/libice-comm\libice-comm.a(ice-comm_wr32.o)

.debug_ranges   0x00000000     0x2830
 .debug_ranges  0x00000000      0x100 c:/devel/yard-ice/src/sdk/libthinkos/test/alloc/debug/alloc_test.o
 .debug_ranges  0x00000100       0xe0 c:/devel/yard-ice/src/sdk/libthinkos/test/alloc/debug/stdio.o
 .debug_ranges  0x000001e0       0x30 c:/devel/yard-ice/src/sdk/libthinkos/test/alloc/debug/libstm32f\libstm32f.a(stm32f-gpio.o)
 .debug_ranges  0x00000210       0x30 c:/devel/yard-ice/src/sdk/libthinkos/test/alloc/debug/libstm32f\libstm32f.a(stm32f-usart_init.o)
 .debug_ranges  0x00000240      0x2f8 c:/devel/yard-ice/src/sdk/libthinkos/test/alloc/debug/libstm32f\libstm32f.a(stm32f-otg_fs_dev.o)
 .debug_ranges  0x00000538       0x40 c:/devel/yard-ice/src/sdk/libthinkos/test/alloc/debug/libstm32f\libstm32f.a(stm32f-usart_power_off.o)
 .debug_ranges  0x00000578       0x80 c:/devel/yard-ice/src/sdk/libthinkos/test/alloc/debug/libutil\libutil.a(udelay.o)
 .debug_ranges  0x000005f8      0x508 c:/devel/yard-ice/src/sdk/libthinkos/test/alloc/debug/libthinkos\libthinkos.a(thinkos_core.o)
 .debug_ranges  0x00000b00      0x140 c:/devel/yard-ice/src/sdk/libthinkos/test/alloc/debug/libthinkos\libthinkos.a(thinkos_irq.o)
 .debug_ranges  0x00000c40      0x748 c:/devel/yard-ice/src/sdk/libthinkos/test/alloc/debug/libthinkos\libthinkos.a(thinkos_flag.o)
 .debug_ranges  0x00001388      0x130 c:/devel/yard-ice/src/sdk/libthinkos/test/alloc/debug/libthinkos\libthinkos.a(thinkos_sleep.o)
 .debug_ranges  0x000014b8      0x208 c:/devel/yard-ice/src/sdk/libthinkos/test/alloc/debug/libthinkos\libthinkos.a(thinkos.o)
 .debug_ranges  0x000016c0      0x338 c:/devel/yard-ice/src/sdk/libthinkos/test/alloc/debug/libthinkos\libthinkos.a(thinkos_mutex.o)
 .debug_ranges  0x000019f8      0x610 c:/devel/yard-ice/src/sdk/libthinkos/test/alloc/debug/libthinkos\libthinkos.a(thinkos_cond.o)
 .debug_ranges  0x00002008      0x1f8 c:/devel/yard-ice/src/sdk/libthinkos/test/alloc/debug/libthinkos\libthinkos.a(thinkos_semaphore.o)
 .debug_ranges  0x00002200      0x630 c:/devel/yard-ice/src/sdk/libthinkos/test/alloc/debug/libthinkos\libthinkos.a(thinkos_event.o)

.debug_line     0x00000000     0x5e28
 .debug_line    0x00000000      0x3d2 c:/devel/yard-ice/src/sdk/libthinkos/test/alloc/debug/alloc_test.o
 .debug_line    0x000003d2      0x180 c:/devel/yard-ice/src/sdk/libthinkos/test/alloc/debug/stdio.o
 .debug_line    0x00000552      0x16c c:/devel/yard-ice/src/sdk/libthinkos/test/alloc/debug/libstm32f\libstm32f.a(stm32f-gpio.o)
 .debug_line    0x000006be      0x15d c:/devel/yard-ice/src/sdk/libthinkos/test/alloc/debug/libstm32f\libstm32f.a(stm32f-usart_init.o)
 .debug_line    0x0000081b      0x160 c:/devel/yard-ice/src/sdk/libthinkos/test/alloc/debug/libstm32f\libstm32f.a(stm32f-usart_baudrate_set.o)
 .debug_line    0x0000097b      0x14f c:/devel/yard-ice/src/sdk/libthinkos/test/alloc/debug/libstm32f\libstm32f.a(stm32f-usart_mode_set.o)
 .debug_line    0x00000aca      0x11b c:/devel/yard-ice/src/sdk/libthinkos/test/alloc/debug/libstm32f\libstm32f.a(stm32f-usart_enable.o)
 .debug_line    0x00000be5      0x113 c:/devel/yard-ice/src/sdk/libthinkos/test/alloc/debug/libstm32f\libstm32f.a(stm32f-usart_fops.o)
 .debug_line    0x00000cf8      0x552 c:/devel/yard-ice/src/sdk/libthinkos/test/alloc/debug/libstm32f\libstm32f.a(stm32f-otg_fs_dev.o)
 .debug_line    0x0000124a      0x154 c:/devel/yard-ice/src/sdk/libthinkos/test/alloc/debug/libstm32f\libstm32f.a(stm32f-init.o)
 .debug_line    0x0000139e      0x122 c:/devel/yard-ice/src/sdk/libthinkos/test/alloc/debug/libstm32f\libstm32f.a(stm32f-usart.o)
 .debug_line    0x000014c0      0x183 c:/devel/yard-ice/src/sdk/libthinkos/test/alloc/debug/libstm32f\libstm32f.a(stm32f-usart_power_off.o)
 .debug_line    0x00001643      0x120 c:/devel/yard-ice/src/sdk/libthinkos/test/alloc/debug/libstm32f\libstm32f.a(stm32f-usart_flush.o)
 .debug_line    0x00001763      0x12a c:/devel/yard-ice/src/sdk/libthinkos/test/alloc/debug/libstm32f\libstm32f.a(stm32f-usart_read.o)
 .debug_line    0x0000188d      0x12a c:/devel/yard-ice/src/sdk/libthinkos/test/alloc/debug/libstm32f\libstm32f.a(stm32f-usart_canon_write.o)
 .debug_line    0x000019b7      0x2ac c:/devel/yard-ice/src/sdk/libthinkos/test/alloc/debug/libstm32f\libstm32f.a(stm32f-otg_fs.o)
 .debug_line    0x00001c63      0x142 c:/devel/yard-ice/src/sdk/libthinkos/test/alloc/debug/libstm32f\libstm32f.a(stm32f-usart_getc.o)
 .debug_line    0x00001da5      0x11f c:/devel/yard-ice/src/sdk/libthinkos/test/alloc/debug/libstm32f\libstm32f.a(stm32f-usart_putc.o)
 .debug_line    0x00001ec4      0x10a c:/devel/yard-ice/src/sdk/libthinkos/test/alloc/debug/libcm3\libcm3.a(cm3-udelay.o)
 .debug_line    0x00001fce       0xe7 c:/devel/yard-ice/src/sdk/libthinkos/test/alloc/debug/libutil\libutil.a(udelay.o)
 .debug_line    0x000020b5      0x3e5 c:/devel/yard-ice/src/sdk/libthinkos/test/alloc/debug/libthinkos\libthinkos.a(thinkos_core.o)
 .debug_line    0x0000249a      0x2c1 c:/devel/yard-ice/src/sdk/libthinkos/test/alloc/debug/libthinkos\libthinkos.a(thinkos_svc.o)
 .debug_line    0x0000275b      0x1cd c:/devel/yard-ice/src/sdk/libthinkos/test/alloc/debug/libthinkos\libthinkos.a(thinkos_irq.o)
 .debug_line    0x00002928      0x699 c:/devel/yard-ice/src/sdk/libthinkos/test/alloc/debug/libthinkos\libthinkos.a(thinkos_flag.o)
 .debug_line    0x00002fc1      0x250 c:/devel/yard-ice/src/sdk/libthinkos/test/alloc/debug/libthinkos\libthinkos.a(thinkos_except.o)
 .debug_line    0x00003211      0x126 c:/devel/yard-ice/src/sdk/libthinkos/test/alloc/debug/libthinkos\libthinkos.a(thinkos_util.o)
 .debug_line    0x00003337       0xa0 c:/devel/yard-ice/src/sdk/libthinkos/test/alloc/debug/libthinkos\libthinkos.a(thinkos_type.o)
 .debug_line    0x000033d7      0x19b c:/devel/yard-ice/src/sdk/libthinkos/test/alloc/debug/libthinkos\libthinkos.a(thinkos_sleep.o)
 .debug_line    0x00003572      0x255 c:/devel/yard-ice/src/sdk/libthinkos/test/alloc/debug/libthinkos\libthinkos.a(thinkos.o)
 .debug_line    0x000037c7      0x381 c:/devel/yard-ice/src/sdk/libthinkos/test/alloc/debug/libthinkos\libthinkos.a(thinkos_mutex.o)
 .debug_line    0x00003b48      0x4ae c:/devel/yard-ice/src/sdk/libthinkos/test/alloc/debug/libthinkos\libthinkos.a(thinkos_cond.o)
 .debug_line    0x00003ff6      0x3ae c:/devel/yard-ice/src/sdk/libthinkos/test/alloc/debug/libthinkos\libthinkos.a(thinkos_semaphore.o)
 .debug_line    0x000043a4      0x4e3 c:/devel/yard-ice/src/sdk/libthinkos/test/alloc/debug/libthinkos\libthinkos.a(thinkos_event.o)
 .debug_line    0x00004887       0xe4 c:/devel/yard-ice/src/sdk/libthinkos/test/alloc/debug/libc\libc.a(printf.o)
 .debug_line    0x0000496b       0x88 c:/devel/yard-ice/src/sdk/libthinkos/test/alloc/debug/libc\libc.a(putchar.o)
 .debug_line    0x000049f3      0x10f c:/devel/yard-ice/src/sdk/libthinkos/test/alloc/debug/libc\libc.a(puts.o)
 .debug_line    0x00004b02       0xa6 c:/devel/yard-ice/src/sdk/libthinkos/test/alloc/debug/libc\libc.a(strlen.o)
 .debug_line    0x00004ba8      0x220 c:/devel/yard-ice/src/sdk/libthinkos/test/alloc/debug/libc\libc.a(vfprintf.o)
 .debug_line    0x00004dc8       0x74 c:/devel/yard-ice/src/sdk/libthinkos/test/alloc/debug/libc\libc.a(stdin.o)
 .debug_line    0x00004e3c       0x75 c:/devel/yard-ice/src/sdk/libthinkos/test/alloc/debug/libc\libc.a(stdout.o)
 .debug_line    0x00004eb1       0x75 c:/devel/yard-ice/src/sdk/libthinkos/test/alloc/debug/libc\libc.a(stderr.o)
 .debug_line    0x00004f26       0x56 c:/devel/yard-ice/src/sdk/libthinkos/test/alloc/debug/libc\libc.a(abort.o)
 .debug_line    0x00004f7c       0xb8 c:/devel/yard-ice/src/sdk/libthinkos/test/alloc/debug/libc\libc.a(fputc.o)
 .debug_line    0x00005034       0x7f c:/devel/yard-ice/src/sdk/libthinkos/test/alloc/debug/libc\libc.a(uint2dec.o)
 .debug_line    0x000050b3       0x82 c:/devel/yard-ice/src/sdk/libthinkos/test/alloc/debug/libc\libc.a(ull2dec.o)
 .debug_line    0x00005135       0x6e c:/devel/yard-ice/src/sdk/libthinkos/test/alloc/debug/libc\libc.a(uint2hex.o)
 .debug_line    0x000051a3       0x76 c:/devel/yard-ice/src/sdk/libthinkos/test/alloc/debug/libc\libc.a(ull2hex.o)
 .debug_line    0x00005219      0x13c c:/devel/yard-ice/src/sdk/libthinkos/test/alloc/debug/libice-comm\libice-comm.a(ice-comm.o)
 .debug_line    0x00005355       0xda c:/devel/yard-ice/src/sdk/libthinkos/test/alloc/debug/libice-comm\libice-comm.a(ice-trace_init.o)
 .debug_line    0x0000542f      0x131 c:/devel/yard-ice/src/sdk/libthinkos/test/alloc/debug/libice-comm\libice-comm.a(ice-trace0.o)
 .debug_line    0x00005560      0x135 c:/devel/yard-ice/src/sdk/libthinkos/test/alloc/debug/libice-comm\libice-comm.a(ice-trace1.o)
 .debug_line    0x00005695      0x13a c:/devel/yard-ice/src/sdk/libthinkos/test/alloc/debug/libice-comm\libice-comm.a(ice-trace2.o)
 .debug_line    0x000057cf      0x13e c:/devel/yard-ice/src/sdk/libthinkos/test/alloc/debug/libice-comm\libice-comm.a(ice-trace3.o)
 .debug_line    0x0000590d      0x143 c:/devel/yard-ice/src/sdk/libthinkos/test/alloc/debug/libice-comm\libice-comm.a(ice-trace4.o)
 .debug_line    0x00005a50      0x156 c:/devel/yard-ice/src/sdk/libthinkos/test/alloc/debug/libice-comm\libice-comm.a(ice-trace6.o)
 .debug_line    0x00005ba6      0x163 c:/devel/yard-ice/src/sdk/libthinkos/test/alloc/debug/libice-comm\libice-comm.a(ice-trace7.o)
 .debug_line    0x00005d09      0x11f c:/devel/yard-ice/src/sdk/libthinkos/test/alloc/debug/libice-comm\libice-comm.a(ice-comm_wr32.o)

.debug_str      0x00000000     0x293c
 .debug_str     0x00000000      0x441 c:/devel/yard-ice/src/sdk/libthinkos/test/alloc/debug/alloc_test.o
                                0x4fb (size before relaxing)
 .debug_str     0x00000441      0x21a c:/devel/yard-ice/src/sdk/libthinkos/test/alloc/debug/stdio.o
                                0x385 (size before relaxing)
 .debug_str     0x0000065b       0x68 c:/devel/yard-ice/src/sdk/libthinkos/test/alloc/debug/libstm32f\libstm32f.a(stm32f-gpio.o)
                                0x2a8 (size before relaxing)
 .debug_str     0x000006c3       0x92 c:/devel/yard-ice/src/sdk/libthinkos/test/alloc/debug/libstm32f\libstm32f.a(stm32f-usart_init.o)
                                0x28c (size before relaxing)
 .debug_str     0x00000755       0x7b c:/devel/yard-ice/src/sdk/libthinkos/test/alloc/debug/libstm32f\libstm32f.a(stm32f-usart_baudrate_set.o)
                                0x1eb (size before relaxing)
 .debug_str     0x000007d0       0x53 c:/devel/yard-ice/src/sdk/libthinkos/test/alloc/debug/libstm32f\libstm32f.a(stm32f-usart_mode_set.o)
                                0x1ab (size before relaxing)
 .debug_str     0x00000823       0x40 c:/devel/yard-ice/src/sdk/libthinkos/test/alloc/debug/libstm32f\libstm32f.a(stm32f-usart_enable.o)
                                0x151 (size before relaxing)
 .debug_str     0x00000863       0x3e c:/devel/yard-ice/src/sdk/libthinkos/test/alloc/debug/libstm32f\libstm32f.a(stm32f-usart_fops.o)
                                0x15a (size before relaxing)
 .debug_str     0x000008a1      0x9dc c:/devel/yard-ice/src/sdk/libthinkos/test/alloc/debug/libstm32f\libstm32f.a(stm32f-otg_fs_dev.o)
                                0xd37 (size before relaxing)
 .debug_str     0x0000127d       0x85 c:/devel/yard-ice/src/sdk/libthinkos/test/alloc/debug/libstm32f\libstm32f.a(stm32f-init.o)
                                0x262 (size before relaxing)
 .debug_str     0x00001302       0x49 c:/devel/yard-ice/src/sdk/libthinkos/test/alloc/debug/libstm32f\libstm32f.a(stm32f-usart.o)
                                0x174 (size before relaxing)
 .debug_str     0x0000134b       0x6b c:/devel/yard-ice/src/sdk/libthinkos/test/alloc/debug/libstm32f\libstm32f.a(stm32f-usart_power_off.o)
                                0x265 (size before relaxing)
 .debug_str     0x000013b6       0x51 c:/devel/yard-ice/src/sdk/libthinkos/test/alloc/debug/libstm32f\libstm32f.a(stm32f-usart_flush.o)
                                0x155 (size before relaxing)
 .debug_str     0x00001407       0x65 c:/devel/yard-ice/src/sdk/libthinkos/test/alloc/debug/libstm32f\libstm32f.a(stm32f-usart_read.o)
                                0x19b (size before relaxing)
 .debug_str     0x0000146c       0x6e c:/devel/yard-ice/src/sdk/libthinkos/test/alloc/debug/libstm32f\libstm32f.a(stm32f-usart_canon_write.o)
                                0x172 (size before relaxing)
 .debug_str     0x000014da       0xf2 c:/devel/yard-ice/src/sdk/libthinkos/test/alloc/debug/libstm32f\libstm32f.a(stm32f-otg_fs.o)
                                0x53e (size before relaxing)
 .debug_str     0x000015cc       0x3e c:/devel/yard-ice/src/sdk/libthinkos/test/alloc/debug/libstm32f\libstm32f.a(stm32f-usart_getc.o)
                                0x191 (size before relaxing)
 .debug_str     0x0000160a       0x3e c:/devel/yard-ice/src/sdk/libthinkos/test/alloc/debug/libstm32f\libstm32f.a(stm32f-usart_putc.o)
                                0x153 (size before relaxing)
 .debug_str     0x00001648       0x61 c:/devel/yard-ice/src/sdk/libthinkos/test/alloc/debug/libcm3\libcm3.a(cm3-udelay.o)
                                0x12b (size before relaxing)