
== ARM DCC log viewer 5.0 ==
 - elf: debug/thinkos-1.41.elf
 - symbols off: 00085f48  size: 24048  entsize: 16 link 00000018
 - elf: ../app/debug/yard-ice-0.45.elf
 - symbols off: 002c20d8  size: 164720  entsize: 16 link 00000015
 - host: 192.168.10.51:1001 (connected).
 - log date: Thu Jun 18 14:50:01 2026



  TRACE: main: 

7[1m[34m
  TRACE: main: *************************************************
  TRACE: main: *     YardICE ThinkOS Custom Bootloader         *
  TRACE: main: *************************************************8


  TRACE: main: 7[1m[32m* 1. thinkos_krn_init().8
  TRACE: main: 

7[1m[34m
  TRACE: main: *************************************************
  TRACE: main: *     YardICE ThinkOS Custom Bootloader         *
  TRACE: main: *************************************************8


  TRACE: main: 7[1m[32m* 1. thinkos_krn_init().8
  TRACE: thinkos_krn_irq_off: disabling interrupts...
  TRACE: thinkos_krn_init: 1. cleanup memory().
  TRACE: thinkos_krn_init: udelay_factor=1706.
  TRACE: thinkos_krn_init: SYysTick init...
  TRACE: thinkos_krn_init: Console init...
  TRACE: thinkos_krn_init: Memory management init...
  TRACE: thinkos_krn_mpu_init: MPU size=4096 blocks=4.
  TRACE: thinkos_krn_init: Interrupts init...
  TRACE: thinkos_krn_irq_init: copying vectors from 0x08000000->0x20000000, 380
  TRACE: thinkos_krn_irq_init: remaping vectors to 0x20000000
  TRACE: thinkos_krn_init: IDLE init...
  TRACE: thinkos_krn_init: Main thread init...
  TRACE: __thinkos_init_main: < 1> threads_max=32 ready=00000000
  TRACE: thinkos_krn_init: Enabling interrupts
  TRACE: thinkos_krn_init: <1> MSP=20000cf8 PSP=2001ff80 CTRL=02
  TRACE: main: 7[1m[32m* 2. board_init().8
  TRACE: board_init: Reset all peripherals ...
  TRACE: board_init: Clear reset bits...
  TRACE: board_init: Disable peripheral clock sources ...
  TRACE: board_init: Select alternate functions to USB pins...
  TRACE: board_init: OTYPER=0x00000000 OSPEEDR=0x03c00000 MODER=0xaa880000
  TRACE: main: 7[1m[32m* 3. usb_comm_init().8
  TRACE: main: 7[1m[32m* 4. thinkos_krn_irq_on().8
  TRACE: main: 7[1m[32m* 5. thinkos_krn_monitor_init().8
  TRACE: thinkos_krn_monitor_init: mask=00000003
  TRACE: board_reset: USB irq configure...
  TRACE: main: 7[1m[32m* 6. board_integrity_check()...8
  TRACE: monitor_task: starting monitor...
  ERROR: monitor_task: Unhandled signal 0
WARNING: stm32f_otg_fs_isr: 7[33m[7m<USBRST> --------------- [DEFAULT]8
WARNING: monitor_usb_on_reset: ...
  TRACE: monitor_on_comm_ctl: Disconnected!
WARNING: stm32f_otg_fs_isr: 7[33m[7m<USBRST> --------------- [DEFAULT]8
WARNING: monitor_usb_on_reset: ...
  TRACE: monitor_on_comm_ctl: Disconnected!
  TRACE: monitor_usb_on_setup: SetAddr: 50 [ADDRESS]
  TRACE: monitor_usb_on_setup: [CONFIGURED]
WARNING: thinkos_krn_core_reset: 7[33m!! Core Reset !!8
  TRACE: thinkos_krn_core_reset: 1. Disable all intrerrupts ...
  TRACE: thinkos_krn_core_reset: 2. Reset all intrerrupts ...
  TRACE: thinkos_krn_core_reset: 3. Initialize kernel datastructures ...
  TRACE: monitor_task: Core reset received
  TRACE: monitor_task: APP_EXEC...
  TRACE: board_reset: USB irq configure...
  TRACE: monitor_app_exec: creating a thread to call app_exec()!
  TRACE: thinkos_krn_thread_init: stack: top=2001ffb0 base=2001c000 size=16304
  TRACE: thinkos_krn_thread_init:  task: entry=08004869 exit=08004851
  TRACE: thinkos_krn_thread_init:  args: 08020000 00000001 00000000 00000000
  TRACE: thinkos_krn_thread_init: SP=20000a00 PSP=2001ff90
  TRACE: thinkos_krn_thread_init: <1> ctx=2001ff70 ctrl=0 pc=08004869 ready.
  TRACE: thinkos_main_thread_create: thread=1
  TRACE: monitor_app_exec: monitor_thread_exec() = 1!
  TRACE: __app_exec_task: thinkos_app_exec()!
  TRACE: thinkos_app_exec_svc: < 1> addr=0x08020000 ...
  TRACE: thinkos_flat_check: app=0x08020000 pc=0x08020041 sp=0x20020000
  TRACE: thinkos_flat_check: app size=252788
  TRACE: thinkos_flat_check: crc=0x589bd319 chk=0x589bd319
  TRACE: thinkos_krn_app_start: krn stack: 0x2001c000 - 0x2001ffb0
WARNING: thinkos_krn_app_start: stack collision, moving by 80!
  TRACE: thinkos_krn_app_start: app stack: 0x2001c000 - 0x2001ffb0
  TRACE: thinkos_krn_thread_init: stack: top=2001ffb0 base=2001c000 size=16304
  TRACE: thinkos_krn_thread_init:  task: entry=08020041 exit=08001c89
  TRACE: thinkos_krn_thread_init:  args: 00000000 00000000 00000000 00000000
  TRACE: thinkos_krn_thread_init: SP=20000c78 PSP=2001ff80
  TRACE: thinkos_krn_thread_init: <1> ctx=2001ff70 ctrl=0 pc=08020041 ready.
WARNING: thinkos_app_exec_svc: < 1> self == thread_idx, discarding...
  TRACE: thinkos_obj_alloc_svc: < 1> kind="Gate" oid=146
  TRACE: thinkos_obj_alloc_svc: < 1> kind="Gate" oid=147
  TRACE: thinkos_irq_ctl_svc: irq_register(irq=53 isr=0x08029619)
  TRACE: thinkos_obj_alloc_svc: < 1> kind="Mutx" oid=34
  TRACE: thinkos_obj_alloc_svc: tgt_idx = 1
  TRACE: thinkos_obj_alloc_svc: < 1> kind="Thrd" oid=2
  TRACE: thinkos_thread_init_svc: < 1> thread=2 init=0x2001ff68
  TRACE: thinkos_krn_thread_init: stack: top=20002c80 base=20002480 size=2048
  TRACE: thinkos_krn_thread_init:  task: entry=08020101 exit=0803b935
  TRACE: thinkos_krn_thread_init:  args: 00000000 00000002 00000002 00000002
  TRACE: thinkos_krn_thread_init: SP=20000cc0 PSP=2001ff48
  TRACE: thinkos_krn_thread_init: <2> ctx=20002c40 ctrl=0 pc=08020101 ready.
  TRACE: thinkos_obj_alloc_svc: < 1> kind="Mutx" oid=35
  TRACE: thinkos_obj_alloc_svc: < 1> kind="Mutx" oid=36
  TRACE: thinkos_obj_alloc_svc: < 1> kind="Cond" oid=58
  TRACE: thinkos_obj_alloc_svc: < 1> kind="Cond" oid=59
  TRACE: thinkos_obj_alloc_svc: < 1> kind="Sema" oid=90
  TRACE: thinkos_obj_alloc_svc: < 1> kind="Sema" oid=91
  TRACE: thinkos_obj_alloc_svc: tgt_idx = 31
  TRACE: thinkos_obj_alloc_svc: < 1> kind="Thrd" oid=32
  TRACE: thinkos_thread_init_svc: < 1> thread=32 init=0x2001ff58
  TRACE: thinkos_krn_thread_init: stack: top=20002e80 base=20002cc0 size=448
  TRACE: thinkos_krn_thread_init:  task: entry=08020ded exit=0803b935
  TRACE: thinkos_krn_thread_init:  args: 200031d8 00000020 00000020 00000020
  TRACE: thinkos_krn_thread_init: SP=20000cc0 PSP=2001ff38
  TRACE: thinkos_krn_thread_init: <32> ctx=20002e40 ctrl=0 pc=08020ded ready.
  TRACE: monitor_on_comm_ctl: Connected!
  TRACE: thinkos_obj_alloc_svc: < 1> kind="Mutx" oid=37
  TRACE: thinkos_obj_alloc_svc: < 1> kind="Flag" oid=114
  TRACE: thinkos_irq_ctl_svc: irq_register(irq=31 isr=0x08023f4d)
  TRACE: thinkos_irq_ctl_svc: irq_register(irq=32 isr=0x08024039)
  TRACE: thinkos_obj_alloc_svc: < 1> kind="Mutx" oid=38
  TRACE: thinkos_obj_alloc_svc: < 1> kind="Cond" oid=60
  TRACE: thinkos_obj_alloc_svc: < 1> kind="Mutx" oid=39
  TRACE: thinkos_obj_alloc_svc: < 1> kind="Cond" oid=61
  TRACE: thinkos_obj_alloc_svc: tgt_idx = 31
  TRACE: thinkos_obj_alloc_svc: < 1> kind="Thrd" oid=31
  TRACE: thinkos_thread_init_svc: < 1> thread=31 init=0x2001feb0
  TRACE: thinkos_krn_thread_init: stack: top=20008500 base=20008380 size=384
  TRACE: thinkos_krn_thread_init:  task: entry=08026b19 exit=0803b935
  TRACE: thinkos_krn_thread_init:  args: 00000000 0000001f 0000001f 0000001f
  TRACE: thinkos_krn_thread_init: SP=20000cc0 PSP=2001fe90
  TRACE: thinkos_krn_thread_init: <31> ctx=200084c0 ctrl=0 pc=08026b19 ready.
  TRACE: thinkos_obj_alloc_svc: < 1> kind="EvSet" oid=106
  TRACE: thinkos_obj_alloc_svc: tgt_idx = 31
  TRACE: thinkos_obj_alloc_svc: < 1> kind="Thrd" oid=30
  TRACE: thinkos_thread_init_svc: < 1> thread=30 init=0x2001fea8
  TRACE: thinkos_krn_thread_init: stack: top=20008180 base=20007f80 size=512
  TRACE: thinkos_krn_thread_init:  task: entry=08026051 exit=0803b935
  TRACE: thinkos_krn_thread_init:  args: 00000000 0000001e 0000001e 0000001e
  TRACE: thinkos_krn_thread_init: SP=20000cc0 PSP=2001fe88
  TRACE: thinkos_krn_thread_init: <30> ctx=20008140 ctrl=0 pc=08026051 ready.
  TRACE: thinkos_obj_alloc_svc: < 1> kind="Gate" oid=148
  TRACE: thinkos_irq_ctl_svc: irq_register(irq=61 isr=0x08028d3d)
  TRACE: thinkos_obj_alloc_svc: < 1> kind="Sema" oid=92
  TRACE: thinkos_obj_alloc_svc: < 1> kind="Gate" oid=149
  TRACE: thinkos_obj_alloc_svc: < 1> kind="Gate" oid=150
  TRACE: thinkos_irq_ctl_svc: irq_register(irq=71 isr=0x08040731)
  TRACE: thinkos_obj_alloc_svc: tgt_idx = 31
  TRACE: thinkos_obj_alloc_svc: < 1> kind="Thrd" oid=29
  TRACE: thinkos_thread_init_svc: < 1> thread=29 init=0x2001ff58
  TRACE: thinkos_krn_thread_init: stack: top=2000b000 base=2000ae00 size=512
  TRACE: thinkos_krn_thread_init:  task: entry=0803bcc9 exit=0803b935
  TRACE: thinkos_krn_thread_init:  args: 2000abb0 0000001d 0000001d 0000001d
  TRACE: thinkos_krn_thread_init: SP=20000cc0 PSP=2001ff38
  TRACE: thinkos_krn_thread_init: <29> ctx=2000afc0 ctrl=0 pc=0803bcc9 ready.
  TRACE: thinkos_obj_alloc_svc: tgt_idx = 31
  TRACE: thinkos_obj_alloc_svc: < 1> kind="Thrd" oid=28
  TRACE: thinkos_thread_init_svc: < 1> thread=28 init=0x2001ff58
  TRACE: thinkos_krn_thread_init: stack: top=2000ae00 base=2000ac00 size=512
  TRACE: thinkos_krn_thread_init:  task: entry=0803c0a1 exit=0803b935
  TRACE: thinkos_krn_thread_init:  args: 2000abb0 0000001c 0000001c 0000001c
  TRACE: thinkos_krn_thread_init: SP=20000cc0 PSP=2001ff38
  TRACE: thinkos_krn_thread_init: <28> ctx=2000adc0 ctrl=0 pc=0803c0a1 ready.
  TRACE: thinkos_obj_alloc_svc: < 1> kind="Flag" oid=115
  TRACE: thinkos_obj_alloc_svc: tgt_idx = 31
  TRACE: thinkos_obj_alloc_svc: < 1> kind="Thrd" oid=27
  TRACE: thinkos_thread_init_svc: < 1> thread=27 init=0x2001ff58
  TRACE: thinkos_krn_thread_init: stack: top=2000d400 base=2000ca00 size=2560
  TRACE: thinkos_krn_thread_init:  task: entry=0803cf41 exit=0803b935
  TRACE: thinkos_krn_thread_init:  args: 2000c9c8 0000001b 0000001b 0000001b
  TRACE: thinkos_krn_thread_init: SP=20000cc0 PSP=2001ff38
  TRACE: thinkos_krn_thread_init: <27> ctx=2000d3c0 ctrl=0 pc=0803cf41 ready.
  TRACE: thinkos_obj_alloc_svc: tgt_idx = 31
  TRACE: thinkos_obj_alloc_svc: < 1> kind="Thrd" oid=26
  TRACE: thinkos_thread_init_svc: < 1> thread=26 init=0x2001ff58
  TRACE: thinkos_krn_thread_init: stack: top=2000de00 base=2000d400 size=2560
  TRACE: thinkos_krn_thread_init:  task: entry=0803cee5 exit=0803b935
  TRACE: thinkos_krn_thread_init:  args: 2000c9c8 0000001a 0000001a 0000001a
  TRACE: thinkos_krn_thread_init: SP=20000cc0 PSP=2001ff38
  TRACE: thinkos_krn_thread_init: <26> ctx=2000ddc0 ctrl=0 pc=0803cee5 ready.
  TRACE: thinkos_obj_alloc_svc: tgt_idx = 1
  TRACE: thinkos_obj_alloc_svc: < 1> kind="Thrd" oid=3
  TRACE: thinkos_thread_init_svc: < 1> thread=3 init=0x2001ff60
  TRACE: thinkos_krn_thread_init: stack: top=2000aa80 base=20009ec0 size=3008
  TRACE: thinkos_krn_thread_init:  task: entry=08039a31 exit=0803b935
  TRACE: thinkos_krn_thread_init:  args: 200031d8 00000003 00000003 00000003
  TRACE: thinkos_krn_thread_init: SP=20000cc0 PSP=2001ff40
  TRACE: thinkos_krn_thread_init: <3> ctx=2000aa40 ctrl=0 pc=08039a31 ready.
  TRACE: thinkos_obj_alloc_svc: < 1> kind="Sema" oid=93
  TRACE: thinkos_obj_alloc_svc: < 1> kind="Flag" oid=116
  TRACE: thinkos_obj_alloc_svc: < 1> kind="Flag" oid=117
  TRACE: thinkos_obj_alloc_svc: tgt_idx = 31
  TRACE: thinkos_obj_alloc_svc: < 1> kind="Thrd" oid=25
  TRACE: thinkos_thread_init_svc: < 1> thread=25 init=0x2001ff58
  TRACE: thinkos_krn_thread_init: stack: top=2000e7a0 base=2000e2b8 size=1256
  TRACE: thinkos_krn_thread_init:  task: entry=0803d495 exit=0803b935
  TRACE: thinkos_krn_thread_init:  args: 2000de00 00000019 00000019 00000019
  TRACE: thinkos_krn_thread_init: SP=20000cc0 PSP=2001ff38
  TRACE: thinkos_krn_thread_init: <25> ctx=2000e760 ctrl=0 pc=0803d495 ready.
  TRACE: thinkos_obj_alloc_svc: tgt_idx = 31
  TRACE: thinkos_obj_alloc_svc: < 1> kind="Thrd" oid=24
  TRACE: thinkos_thread_init_svc: < 1> thread=24 init=0x2001ff58
  TRACE: thinkos_krn_thread_init: stack: top=2000e2a0 base=2000de10 size=1168
  TRACE: thinkos_krn_thread_init:  task: entry=0803d2b9 exit=0803b935
  TRACE: thinkos_krn_thread_init:  args: 2000de00 00000018 00000018 00000018
  TRACE: thinkos_krn_thread_init: SP=20000cc0 PSP=2001ff38
  TRACE: thinkos_krn_thread_init: <24> ctx=2000e260 ctrl=0 pc=0803d2b9 ready.
  TRACE: thinkos_obj_alloc_svc: tgt_idx = 15
  TRACE: thinkos_obj_alloc_svc: < 1> kind="Thrd" oid=16
  TRACE: thinkos_thread_init_svc: < 1> thread=16 init=0x2001ff60
  TRACE: thinkos_krn_thread_init: stack: top=2001d800 base=2001c000 size=6144
  TRACE: thinkos_krn_thread_init:  task: entry=08024859 exit=0803b935
  TRACE: thinkos_krn_thread_init:  args: 2000e7cc 00000010 00000010 00000010
  TRACE: thinkos_krn_thread_init: SP=20000cc0 PSP=2001ff40
  TRACE: thinkos_krn_thread_init: <16> ctx=2001d7c0 ctrl=0 pc=08024859 ready.
  TRACE: thinkos_obj_alloc_svc: tgt_idx = 11
  TRACE: thinkos_obj_alloc_svc: < 1> kind="Thrd" oid=12
  TRACE: thinkos_thread_init_svc: < 1> thread=12 init=0x2001ff58
  TRACE: thinkos_krn_thread_init: stack: top=2000c700 base=2000b000 size=5888
  TRACE: thinkos_krn_thread_init:  task: entry=0803c191 exit=0803b935
  TRACE: thinkos_krn_thread_init:  args: 00000000 0000000c 0000000c 0000000c
  TRACE: thinkos_krn_thread_init: SP=20000cc0 PSP=2001ff38
  TRACE: thinkos_krn_thread_init: <12> ctx=2000c6c0 ctrl=0 pc=0803c191 ready.
  TRACE: thinkos_obj_alloc_svc: < 3> kind="Cond" oid=62
  TRACE: thinkos_obj_alloc_svc: <12> kind="Sema" oid=94
  TRACE: thinkos_obj_alloc_svc: <12> kind="Flag" oid=118
  TRACE: thinkos_obj_alloc_svc: <12> kind="Flag" oid=119
  TRACE: thinkos_obj_alloc_svc: tgt_idx = 31
  TRACE: thinkos_obj_alloc_svc: <12> kind="Thrd" oid=23
  TRACE: thinkos_thread_init_svc: <12> thread=23 init=0x2000c6a8
  TRACE: thinkos_krn_thread_init: stack: top=2000c9c0 base=2000c7c0 size=512
  TRACE: thinkos_krn_thread_init:  task: entry=0803c1ed exit=0803b935
  TRACE: thinkos_krn_thread_init:  args: 2000c700 00000017 00000017 00000017
  TRACE: thinkos_krn_thread_init: SP=20000cc0 PSP=2000c688
  TRACE: thinkos_krn_thread_init: <23> ctx=2000c980 ctrl=0 pc=0803c1ed ready.
  TRACE: thinkos_obj_alloc_svc: <27> kind="Sema" oid=95
